{
    "filter": {
        "content": [
            [
                [
                    {
                        "id": "NA24143",
                        "sample": "NA24143",
                        "family": "Ashkenazim",
                        "family_samples": "NA24143",
                        "caller": "vardict"
                    },
                    "NA24143.vardict.vcf.gz,variantsMD5:98497d2c15c6e3781f5ddeb81bf6288f",
                    "NA24143.vardict.vcf.gz.tbi"
                ]
            ]
        ],
        "meta": {
            "nf-test": "0.9.0",
            "nextflow": "24.04.4"
        },
        "timestamp": "2024-10-23T11:17:08.827619348"
    },
    "default": {
        "content": [
            [
                [
                    {
                        "id": "NA24143",
                        "sample": "NA24143",
                        "family": "Ashkenazim",
                        "family_samples": "NA24143",
                        "caller": "vardict"
                    },
                    "NA24143.vardict.vcf.gz,variantsMD5:98497d2c15c6e3781f5ddeb81bf6288f",
                    "NA24143.vardict.vcf.gz.tbi"
                ]
            ]
        ],
        "meta": {
            "nf-test": "0.9.0",
            "nextflow": "24.04.4"
        },
        "timestamp": "2024-10-23T11:16:29.818590197"
    },
    "family": {
        "content": [
            [
                [
                    {
                        "id": "NA24143",
                        "sample": "NA24143",
                        "family": "Ashkenazim",
                        "family_samples": "NA24143",
                        "caller": "vardict"
                    },
                    "NA24143.vardict.vcf.gz,variantsMD5:98497d2c15c6e3781f5ddeb81bf6288f",
                    "NA24143.vardict.vcf.gz.tbi"
                ],
                [
                    {
                        "id": "NA24149",
                        "sample": "NA24149",
                        "family": "Ashkenazim",
                        "family_samples": "NA24149",
                        "caller": "vardict"
                    },
                    "NA24149.vardict.vcf.gz,variantsMD5:37c24a3165a79df0b9744e80a9255f83",
                    "NA24149.vardict.vcf.gz.tbi"
                ]
            ]
        ],
        "meta": {
            "nf-test": "0.9.0",
            "nextflow": "24.04.4"
        },
        "timestamp": "2024-10-23T11:17:59.686967502"
    }
}