{
    "default": {
        "content": [
            [
                [
                    {
                        "id": "NA24143",
                        "family": "NA24143",
                        "family_samples": "NA24143",
                        "caller": "haplotypecaller"
                    },
                    "NA24143.haplotypecaller.vcf.gz"
                ]
            ],
            [
                "NA241430_annotated_summary.html:md5,d41d8cd98f00b204e9800998ecf8427e",
                "NA241431_annotated_summary.html:md5,d41d8cd98f00b204e9800998ecf8427e",
                "NA241432_annotated_summary.html:md5,d41d8cd98f00b204e9800998ecf8427e"
            ]
        ],
        "meta": {
            "nf-test": "0.9.0",
            "nextflow": "24.04.4"
        },
        "timestamp": "2024-09-05T17:39:23.107888975"
    },
    "vcfanno": {
        "content": [
            [
                [
                    {
                        "id": "NA24143",
                        "family": "NA24143",
                        "family_samples": "NA24143",
                        "caller": "haplotypecaller"
                    },
                    "NA24143.haplotypecaller.vcf.gz"
                ]
            ],
            [
                "NA241430_annotated_summary.html:md5,d41d8cd98f00b204e9800998ecf8427e",
                "NA241431_annotated_summary.html:md5,d41d8cd98f00b204e9800998ecf8427e",
                "NA241432_annotated_summary.html:md5,d41d8cd98f00b204e9800998ecf8427e"
            ]
        ],
        "meta": {
            "nf-test": "0.9.0",
            "nextflow": "24.04.4"
        },
        "timestamp": "2024-09-05T17:39:39.640344999"
    }
}