{
    "homo_sapiens - vcf, ped - stub": {
        "content": [
            {
                "0": [
                    [
                        {
                            "id": "test",
                            "single_end": false,
                            "caller": "haplotypecaller"
                        },
                        "test.haplotypecaller.db:md5,d41d8cd98f00b204e9800998ecf8427e"
                    ]
                ],
                "1": [
                    "versions.yml:md5,3d9eedf7998cb77b614736659eb22b1d"
                ],
                "db": [
                    [
                        {
                            "id": "test",
                            "single_end": false,
                            "caller": "haplotypecaller"
                        },
                        "test.haplotypecaller.db:md5,d41d8cd98f00b204e9800998ecf8427e"
                    ]
                ],
                "versions": [
                    "versions.yml:md5,3d9eedf7998cb77b614736659eb22b1d"
                ]
            }
        ],
        "meta": {
            "nf-test": "0.9.1",
            "nextflow": "24.10.0"
        },
        "timestamp": "2024-11-19T14:40:53.107217359"
    },
    "homo_sapiens - vcf, ped": {
        "content": [
            "test.haplotypecaller.db",
            [
                "versions.yml:md5,3d9eedf7998cb77b614736659eb22b1d"
            ]
        ],
        "meta": {
            "nf-test": "0.9.1",
            "nextflow": "24.10.0"
        },
        "timestamp": "2024-11-19T14:40:45.633504872"
    }
}