{
    "pipeline_default - default": {
        "content": [
            [
                "Ashkenazim/NA24143_<version>_<date>/NA24143.bed",
                "Ashkenazim/NA24143_<version>_<date>/NA24143.haplotypecaller.bcftools_stats.txt",
                "Ashkenazim/NA24143_<version>_<date>/NA24143.haplotypecaller.g.vcf.gz",
                "Ashkenazim/NA24143_<version>_<date>/NA24143.haplotypecaller.g.vcf.gz.tbi",
                "Ashkenazim/NA24149_<version>_<date>/NA24149.bed",
                "Ashkenazim/NA24149_<version>_<date>/NA24149.haplotypecaller.bcftools_stats.txt",
                "Ashkenazim/NA24149_<version>_<date>/NA24149.haplotypecaller.g.vcf.gz",
                "Ashkenazim/NA24149_<version>_<date>/NA24149.haplotypecaller.g.vcf.gz.tbi",
                "Ashkenazim/NA24385_<version>_<date>/NA24385.bed",
                "Ashkenazim/NA24385_<version>_<date>/NA24385.haplotypecaller.bcftools_stats.txt",
                "Ashkenazim/NA24385_<version>_<date>/NA24385.haplotypecaller.g.vcf.gz",
                "Ashkenazim/NA24385_<version>_<date>/NA24385.haplotypecaller.g.vcf.gz.tbi",
                "Ashkenazim/output_<version>_<date>/Ashkenazim.haplotypecaller.bed",
                "Ashkenazim/output_<version>_<date>/Ashkenazim.haplotypecaller.ped",
                "Ashkenazim/output_<version>_<date>/Ashkenazim.haplotypecaller.vcf.gz",
                "Ashkenazim/output_<version>_<date>/Ashkenazim.haplotypecaller.vcf.gz.tbi",
                "Ashkenazim/qc_<version>_<date>/Ashkenazim.haplotypecaller.bcftools_stats.txt",
                "Ashkenazim/qc_<version>_<date>/Ashkenazim.haplotypecaller.html",
                "<version>_<date>/multiqc_report.html",
                "<version>_<date>/samplesheet.csv"
            ]
        ],
        "meta": {
            "nf-test": "0.9.1",
            "nextflow": "24.10.0"
        },
        "timestamp": "2024-11-13T13:55:37.532795185"
    }
}