{
    "pipeline_variations - add_ped": {
        "content": [
            [
                "Ashkenazim/NA24143_<version>_<date>/NA24143.bed",
                "Ashkenazim/NA24143_<version>_<date>/NA24143.haplotypecaller.bcftools_stats.txt",
                "Ashkenazim/NA24143_<version>_<date>/NA24143.haplotypecaller.g.vcf.gz",
                "Ashkenazim/NA24143_<version>_<date>/NA24143.haplotypecaller.g.vcf.gz.tbi",
                "Ashkenazim/NA24149_<version>_<date>/NA24149.bed",
                "Ashkenazim/NA24149_<version>_<date>/NA24149.haplotypecaller.bcftools_stats.txt",
                "Ashkenazim/NA24149_<version>_<date>/NA24149.haplotypecaller.g.vcf.gz",
                "Ashkenazim/NA24149_<version>_<date>/NA24149.haplotypecaller.g.vcf.gz.tbi",
                "Ashkenazim/NA24385_<version>_<date>/NA24385.bed",
                "Ashkenazim/NA24385_<version>_<date>/NA24385.haplotypecaller.bcftools_stats.txt",
                "Ashkenazim/NA24385_<version>_<date>/NA24385.haplotypecaller.g.vcf.gz",
                "Ashkenazim/NA24385_<version>_<date>/NA24385.haplotypecaller.g.vcf.gz.tbi",
                "Ashkenazim/output_<version>_<date>/Ashkenazim.haplotypecaller.bed",
                "Ashkenazim/output_<version>_<date>/Ashkenazim.haplotypecaller.ped",
                "Ashkenazim/output_<version>_<date>/Ashkenazim.haplotypecaller.vcf.gz",
                "Ashkenazim/output_<version>_<date>/Ashkenazim.haplotypecaller.vcf.gz.tbi",
                "Ashkenazim/qc_<version>_<date>/Ashkenazim.haplotypecaller.bcftools_stats.txt",
                "Ashkenazim/qc_<version>_<date>/Ashkenazim.haplotypecaller.html",
                "<version>_<date>/multiqc_report.html",
                "<version>_<date>/samplesheet.csv"
            ]
        ],
        "meta": {
            "nf-test": "0.9.1",
            "nextflow": "24.10.0"
        },
        "timestamp": "2024-11-13T14:48:10.189725508"
    },
    "pipeline_variations - normalize": {
        "content": [
            [
                "Ashkenazim/NA24143_<version>_<date>/NA24143.bed",
                "Ashkenazim/NA24143_<version>_<date>/NA24143.haplotypecaller.bcftools_stats.txt",
                "Ashkenazim/NA24143_<version>_<date>/NA24143.haplotypecaller.g.vcf.gz",
                "Ashkenazim/NA24143_<version>_<date>/NA24143.haplotypecaller.g.vcf.gz.tbi",
                "Ashkenazim/NA24149_<version>_<date>/NA24149.bed",
                "Ashkenazim/NA24149_<version>_<date>/NA24149.haplotypecaller.bcftools_stats.txt",
                "Ashkenazim/NA24149_<version>_<date>/NA24149.haplotypecaller.g.vcf.gz",
                "Ashkenazim/NA24149_<version>_<date>/NA24149.haplotypecaller.g.vcf.gz.tbi",
                "Ashkenazim/NA24385_<version>_<date>/NA24385.bed",
                "Ashkenazim/NA24385_<version>_<date>/NA24385.haplotypecaller.bcftools_stats.txt",
                "Ashkenazim/NA24385_<version>_<date>/NA24385.haplotypecaller.g.vcf.gz",
                "Ashkenazim/NA24385_<version>_<date>/NA24385.haplotypecaller.g.vcf.gz.tbi",
                "Ashkenazim/output_<version>_<date>/Ashkenazim.haplotypecaller.bed",
                "Ashkenazim/output_<version>_<date>/Ashkenazim.haplotypecaller.ped",
                "Ashkenazim/output_<version>_<date>/Ashkenazim.haplotypecaller.vcf.gz",
                "Ashkenazim/output_<version>_<date>/Ashkenazim.haplotypecaller.vcf.gz.tbi",
                "Ashkenazim/qc_<version>_<date>/Ashkenazim.haplotypecaller.bcftools_stats.txt",
                "Ashkenazim/qc_<version>_<date>/Ashkenazim.haplotypecaller.html",
                "<version>_<date>/multiqc_report.html",
                "<version>_<date>/samplesheet.csv"
            ]
        ],
        "meta": {
            "nf-test": "0.9.1",
            "nextflow": "24.10.0"
        },
        "timestamp": "2024-11-13T14:34:50.228561252"
    },
    "pipeline_variations - updio": {
        "content": [
            [
                "Ashkenazim/NA24143_<version>_<date>/NA24143.bed",
                "Ashkenazim/NA24143_<version>_<date>/NA24143.haplotypecaller.bcftools_stats.txt",
                "Ashkenazim/NA24143_<version>_<date>/NA24143.haplotypecaller.g.vcf.gz",
                "Ashkenazim/NA24143_<version>_<date>/NA24143.haplotypecaller.g.vcf.gz.tbi",
                "Ashkenazim/NA24149_<version>_<date>/NA24149.bed",
                "Ashkenazim/NA24149_<version>_<date>/NA24149.haplotypecaller.bcftools_stats.txt",
                "Ashkenazim/NA24149_<version>_<date>/NA24149.haplotypecaller.g.vcf.gz",
                "Ashkenazim/NA24149_<version>_<date>/NA24149.haplotypecaller.g.vcf.gz.tbi",
                "Ashkenazim/NA24385_<version>_<date>/NA24385.bed",
                "Ashkenazim/NA24385_<version>_<date>/NA24385.haplotypecaller.bcftools_stats.txt",
                "Ashkenazim/NA24385_<version>_<date>/NA24385.haplotypecaller.g.vcf.gz",
                "Ashkenazim/NA24385_<version>_<date>/NA24385.haplotypecaller.g.vcf.gz.tbi",
                "Ashkenazim/output_<version>_<date>/Ashkenazim.haplotypecaller.bed",
                "Ashkenazim/output_<version>_<date>/Ashkenazim.haplotypecaller.ped",
                "Ashkenazim/output_<version>_<date>/Ashkenazim.haplotypecaller.vcf.gz",
                "Ashkenazim/output_<version>_<date>/Ashkenazim.haplotypecaller.vcf.gz.tbi",
                "Ashkenazim/qc_<version>_<date>/Ashkenazim.haplotypecaller.bcftools_stats.txt",
                "Ashkenazim/qc_<version>_<date>/Ashkenazim.haplotypecaller.html",
                "<version>_<date>/multiqc_report.html",
                "<version>_<date>/samplesheet.csv"
            ]
        ],
        "meta": {
            "nf-test": "0.9.1",
            "nextflow": "24.10.0"
        },
        "timestamp": "2024-11-13T14:38:05.475938734"
    },
    "pipeline_variations - gemini": {
        "content": [
            [
                "Ashkenazim/NA24143_<version>_<date>/NA24143.bed",
                "Ashkenazim/NA24143_<version>_<date>/NA24143.haplotypecaller.bcftools_stats.txt",
                "Ashkenazim/NA24143_<version>_<date>/NA24143.haplotypecaller.g.vcf.gz",
                "Ashkenazim/NA24143_<version>_<date>/NA24143.haplotypecaller.g.vcf.gz.tbi",
                "Ashkenazim/NA24149_<version>_<date>/NA24149.bed",
                "Ashkenazim/NA24149_<version>_<date>/NA24149.haplotypecaller.bcftools_stats.txt",
                "Ashkenazim/NA24149_<version>_<date>/NA24149.haplotypecaller.g.vcf.gz",
                "Ashkenazim/NA24149_<version>_<date>/NA24149.haplotypecaller.g.vcf.gz.tbi",
                "Ashkenazim/NA24385_<version>_<date>/NA24385.bed",
                "Ashkenazim/NA24385_<version>_<date>/NA24385.haplotypecaller.bcftools_stats.txt",
                "Ashkenazim/NA24385_<version>_<date>/NA24385.haplotypecaller.g.vcf.gz",
                "Ashkenazim/NA24385_<version>_<date>/NA24385.haplotypecaller.g.vcf.gz.tbi",
                "Ashkenazim/output_<version>_<date>/Ashkenazim.haplotypecaller.bed",
                "Ashkenazim/output_<version>_<date>/Ashkenazim.haplotypecaller.db",
                "Ashkenazim/output_<version>_<date>/Ashkenazim.haplotypecaller.ped",
                "Ashkenazim/output_<version>_<date>/Ashkenazim.haplotypecaller.vcf.gz",
                "Ashkenazim/output_<version>_<date>/Ashkenazim.haplotypecaller.vcf.gz.tbi",
                "Ashkenazim/qc_<version>_<date>/Ashkenazim.haplotypecaller.bcftools_stats.txt",
                "Ashkenazim/qc_<version>_<date>/Ashkenazim.haplotypecaller.html",
                "<version>_<date>/multiqc_report.html",
                "<version>_<date>/samplesheet.csv"
            ]
        ],
        "meta": {
            "nf-test": "0.9.1",
            "nextflow": "24.10.0"
        },
        "timestamp": "2024-11-13T14:41:11.213707091"
    },
    "pipeline_variations - validate": {
        "content": [
            [
                "Ashkenazim/NA24143_<version>_<date>/NA24143.bed",
                "Ashkenazim/NA24143_<version>_<date>/NA24143.haplotypecaller.bcftools_stats.txt",
                "Ashkenazim/NA24143_<version>_<date>/NA24143.haplotypecaller.g.vcf.gz",
                "Ashkenazim/NA24143_<version>_<date>/NA24143.haplotypecaller.g.vcf.gz.tbi",
                "Ashkenazim/NA24143_<version>_<date>/validation/haplotypecaller/NA24143.fn.vcf.gz",
                "Ashkenazim/NA24143_<version>_<date>/validation/haplotypecaller/NA24143.fn.vcf.gz.tbi",
                "Ashkenazim/NA24143_<version>_<date>/validation/haplotypecaller/NA24143.fp.vcf.gz",
                "Ashkenazim/NA24143_<version>_<date>/validation/haplotypecaller/NA24143.fp.vcf.gz.tbi",
                "Ashkenazim/NA24143_<version>_<date>/validation/haplotypecaller/NA24143.non_snp.png",
                "Ashkenazim/NA24143_<version>_<date>/validation/haplotypecaller/NA24143.non_snp.svg",
                "Ashkenazim/NA24143_<version>_<date>/validation/haplotypecaller/NA24143.non_snp_roc.tsv.gz",
                "Ashkenazim/NA24143_<version>_<date>/validation/haplotypecaller/NA24143.phasing.txt",
                "Ashkenazim/NA24143_<version>_<date>/validation/haplotypecaller/NA24143.snp.png",
                "Ashkenazim/NA24143_<version>_<date>/validation/haplotypecaller/NA24143.snp.svg",
                "Ashkenazim/NA24143_<version>_<date>/validation/haplotypecaller/NA24143.snp_roc.tsv.gz",
                "Ashkenazim/NA24143_<version>_<date>/validation/haplotypecaller/NA24143.summary.txt",
                "Ashkenazim/NA24143_<version>_<date>/validation/haplotypecaller/NA24143.tp-baseline.vcf.gz",
                "Ashkenazim/NA24143_<version>_<date>/validation/haplotypecaller/NA24143.tp-baseline.vcf.gz.tbi",
                "Ashkenazim/NA24143_<version>_<date>/validation/haplotypecaller/NA24143.tp.vcf.gz",
                "Ashkenazim/NA24143_<version>_<date>/validation/haplotypecaller/NA24143.tp.vcf.gz.tbi",
                "Ashkenazim/NA24143_<version>_<date>/validation/haplotypecaller/NA24143.weighted.png",
                "Ashkenazim/NA24143_<version>_<date>/validation/haplotypecaller/NA24143.weighted.svg",
                "Ashkenazim/NA24143_<version>_<date>/validation/haplotypecaller/NA24143.weighted_roc.tsv.gz",
                "Ashkenazim/NA24149_<version>_<date>/NA24149.bed",
                "Ashkenazim/NA24149_<version>_<date>/NA24149.haplotypecaller.bcftools_stats.txt",
                "Ashkenazim/NA24149_<version>_<date>/NA24149.haplotypecaller.g.vcf.gz",
                "Ashkenazim/NA24149_<version>_<date>/NA24149.haplotypecaller.g.vcf.gz.tbi",
                "Ashkenazim/NA24149_<version>_<date>/validation/haplotypecaller/NA24149.fn.vcf.gz",
                "Ashkenazim/NA24149_<version>_<date>/validation/haplotypecaller/NA24149.fn.vcf.gz.tbi",
                "Ashkenazim/NA24149_<version>_<date>/validation/haplotypecaller/NA24149.fp.vcf.gz",
                "Ashkenazim/NA24149_<version>_<date>/validation/haplotypecaller/NA24149.fp.vcf.gz.tbi",
                "Ashkenazim/NA24149_<version>_<date>/validation/haplotypecaller/NA24149.non_snp.png",
                "Ashkenazim/NA24149_<version>_<date>/validation/haplotypecaller/NA24149.non_snp.svg",
                "Ashkenazim/NA24149_<version>_<date>/validation/haplotypecaller/NA24149.non_snp_roc.tsv.gz",
                "Ashkenazim/NA24149_<version>_<date>/validation/haplotypecaller/NA24149.phasing.txt",
                "Ashkenazim/NA24149_<version>_<date>/validation/haplotypecaller/NA24149.snp.png",
                "Ashkenazim/NA24149_<version>_<date>/validation/haplotypecaller/NA24149.snp.svg",
                "Ashkenazim/NA24149_<version>_<date>/validation/haplotypecaller/NA24149.snp_roc.tsv.gz",
                "Ashkenazim/NA24149_<version>_<date>/validation/haplotypecaller/NA24149.summary.txt",
                "Ashkenazim/NA24149_<version>_<date>/validation/haplotypecaller/NA24149.tp-baseline.vcf.gz",
                "Ashkenazim/NA24149_<version>_<date>/validation/haplotypecaller/NA24149.tp-baseline.vcf.gz.tbi",
                "Ashkenazim/NA24149_<version>_<date>/validation/haplotypecaller/NA24149.tp.vcf.gz",
                "Ashkenazim/NA24149_<version>_<date>/validation/haplotypecaller/NA24149.tp.vcf.gz.tbi",
                "Ashkenazim/NA24149_<version>_<date>/validation/haplotypecaller/NA24149.weighted.png",
                "Ashkenazim/NA24149_<version>_<date>/validation/haplotypecaller/NA24149.weighted.svg",
                "Ashkenazim/NA24149_<version>_<date>/validation/haplotypecaller/NA24149.weighted_roc.tsv.gz",
                "Ashkenazim/NA24385_<version>_<date>/NA24385.bed",
                "Ashkenazim/NA24385_<version>_<date>/NA24385.haplotypecaller.bcftools_stats.txt",
                "Ashkenazim/NA24385_<version>_<date>/NA24385.haplotypecaller.g.vcf.gz",
                "Ashkenazim/NA24385_<version>_<date>/NA24385.haplotypecaller.g.vcf.gz.tbi",
                "Ashkenazim/NA24385_<version>_<date>/validation/haplotypecaller/NA24385.fn.vcf.gz",
                "Ashkenazim/NA24385_<version>_<date>/validation/haplotypecaller/NA24385.fn.vcf.gz.tbi",
                "Ashkenazim/NA24385_<version>_<date>/validation/haplotypecaller/NA24385.fp.vcf.gz",
                "Ashkenazim/NA24385_<version>_<date>/validation/haplotypecaller/NA24385.fp.vcf.gz.tbi",
                "Ashkenazim/NA24385_<version>_<date>/validation/haplotypecaller/NA24385.non_snp.png",
                "Ashkenazim/NA24385_<version>_<date>/validation/haplotypecaller/NA24385.non_snp.svg",
                "Ashkenazim/NA24385_<version>_<date>/validation/haplotypecaller/NA24385.non_snp_roc.tsv.gz",
                "Ashkenazim/NA24385_<version>_<date>/validation/haplotypecaller/NA24385.phasing.txt",
                "Ashkenazim/NA24385_<version>_<date>/validation/haplotypecaller/NA24385.snp.png",
                "Ashkenazim/NA24385_<version>_<date>/validation/haplotypecaller/NA24385.snp.svg",
                "Ashkenazim/NA24385_<version>_<date>/validation/haplotypecaller/NA24385.snp_roc.tsv.gz",
                "Ashkenazim/NA24385_<version>_<date>/validation/haplotypecaller/NA24385.summary.txt",
                "Ashkenazim/NA24385_<version>_<date>/validation/haplotypecaller/NA24385.tp-baseline.vcf.gz",
                "Ashkenazim/NA24385_<version>_<date>/validation/haplotypecaller/NA24385.tp-baseline.vcf.gz.tbi",
                "Ashkenazim/NA24385_<version>_<date>/validation/haplotypecaller/NA24385.tp.vcf.gz",
                "Ashkenazim/NA24385_<version>_<date>/validation/haplotypecaller/NA24385.tp.vcf.gz.tbi",
                "Ashkenazim/NA24385_<version>_<date>/validation/haplotypecaller/NA24385.weighted.png",
                "Ashkenazim/NA24385_<version>_<date>/validation/haplotypecaller/NA24385.weighted.svg",
                "Ashkenazim/NA24385_<version>_<date>/validation/haplotypecaller/NA24385.weighted_roc.tsv.gz",
                "Ashkenazim/output_<version>_<date>/Ashkenazim.haplotypecaller.bed",
                "Ashkenazim/output_<version>_<date>/Ashkenazim.haplotypecaller.ped",
                "Ashkenazim/output_<version>_<date>/Ashkenazim.haplotypecaller.vcf.gz",
                "Ashkenazim/output_<version>_<date>/Ashkenazim.haplotypecaller.vcf.gz.tbi",
                "Ashkenazim/qc_<version>_<date>/Ashkenazim.haplotypecaller.bcftools_stats.txt",
                "Ashkenazim/qc_<version>_<date>/Ashkenazim.haplotypecaller.html",
                "<version>_<date>/multiqc_report.html",
                "<version>_<date>/samplesheet.csv"
            ]
        ],
        "meta": {
            "nf-test": "0.9.1",
            "nextflow": "24.10.0"
        },
        "timestamp": "2024-11-13T14:44:54.946386845"
    }
}