{
    "default": {
        "content": [
            [
                [
                    {
                        "id": "Ashkenazim",
                        "family": "Ashkenazim",
                        "family_samples": "NA24143,NA24149,NA24385",
                        "caller": "haplotypecaller"
                    },
                    "Ashkenazim.haplotypecaller.vcf.gz"
                ]
            ]
        ],
        "meta": {
            "nf-test": "0.9.0",
            "nextflow": "24.04.4"
        },
        "timestamp": "2024-09-05T17:40:15.516745396"
    }
}