{
    "bam_call_elprep - dbsnp": {
        "content": [
            [
                [
                    {
                        "id": "NA24143",
                        "sample": "NA24143",
                        "family": "Ashkenazim",
                        "family_samples": "NA24143",
                        "caller": "elprep"
                    },
                    "variantsMD5:974ed65cfad6264db7c6589d6b7d7d74",
                    "g.vcf.gz.tbi"
                ]
            ],
            [
                [
                    {
                        "id": "NA24143",
                        "sample": "NA24143",
                        "family": "Ashkenazim",
                        "family_samples": "NA24143",
                        "caller": "elprep"
                    },
                    "NA24143.elprep.bcftools_stats.txt:md5,36b9f979c03b24d87e2dc710baf3672b"
                ]
            ]
        ],
        "meta": {
            "nf-test": "0.9.1",
            "nextflow": "24.10.0"
        },
        "timestamp": "2024-11-06T16:23:49.669427501"
    },
    "bam_call_elprep - default": {
        "content": [
            [
                [
                    {
                        "id": "NA24143",
                        "sample": "NA24143",
                        "family": "Ashkenazim",
                        "family_samples": "NA24143",
                        "caller": "elprep"
                    },
                    "variantsMD5:974ed65cfad6264db7c6589d6b7d7d74",
                    "g.vcf.gz.tbi"
                ]
            ],
            [
                [
                    {
                        "id": "NA24143",
                        "sample": "NA24143",
                        "family": "Ashkenazim",
                        "family_samples": "NA24143",
                        "caller": "elprep"
                    },
                    "NA24143.elprep.bcftools_stats.txt:md5,36b9f979c03b24d87e2dc710baf3672b"
                ]
            ]
        ],
        "meta": {
            "nf-test": "0.9.1",
            "nextflow": "24.10.0"
        },
        "timestamp": "2024-11-06T16:23:17.425264939"
    }
}