{
    "only_merge - family": {
        "content": [
            [
                
            ],
            [
                [
                    "NA24835.haplotypecaller.bcftools_stats.txt:md5,cf8d900f4a7f7844bf1ece4478010459"
                ]
            ]
        ],
        "meta": {
            "nf-test": "0.8.4",
            "nextflow": "24.02.0"
        },
        "timestamp": "2024-03-27T10:12:27.678293492"
    },
    "default - family": {
        "content": [
            [
                [
                    {
                        "family": "Ashkenazim",
                        "id": "Ashkenazim",
                        "family_count": 3,
                        "caller": "haplotypecaller",
                        "samples": "NA24143,NA24149,NA24835"
                    },
                    "Ashkenazim.haplotypecaller.concat.vcf.gz",
                    "Ashkenazim.haplotypecaller.concat.vcf.gz.tbi"
                ]
            ],
            [
                [
                    "NA24835.haplotypecaller.bcftools_stats.txt:md5,cf8d900f4a7f7844bf1ece4478010459"
                ]
            ]
        ],
        "meta": {
            "nf-test": "0.9.0",
            "nextflow": "24.04.4"
        },
        "timestamp": "2024-08-30T09:30:46.4437702"
    },
    "filter - family": {
        "content": [
            [
                [
                    {
                        "family": "Ashkenazim",
                        "id": "Ashkenazim",
                        "family_count": 3,
                        "caller": "haplotypecaller",
                        "samples": "NA24143,NA24149,NA24835"
                    },
                    "Ashkenazim.haplotypecaller.filtered.vcf.gz",
                    "Ashkenazim.haplotypecaller.filtered.vcf.gz.tbi"
                ]
            ],
            [
                [
                    "NA24835.haplotypecaller.bcftools_stats.txt:md5,cf8d900f4a7f7844bf1ece4478010459"
                ]
            ]
        ],
        "meta": {
            "nf-test": "0.9.0",
            "nextflow": "24.04.4"
        },
        "timestamp": "2024-08-30T09:32:20.180414535"
    },
    "default - gvcfs": {
        "content": [
            [
                [
                    {
                        "family": "Ashkenazim",
                        "id": "Ashkenazim",
                        "family_count": 1,
                        "caller": "haplotypecaller",
                        "samples": "NA24143"
                    },
                    "Ashkenazim.haplotypecaller.concat.vcf.gz",
                    "Ashkenazim.haplotypecaller.concat.vcf.gz.tbi"
                ]
            ],
            [
                
            ]
        ],
        "meta": {
            "nf-test": "0.9.0",
            "nextflow": "24.04.4"
        },
        "timestamp": "2024-08-30T09:29:22.152156491"
    },
    "default - crams": {
        "content": [
            [
                [
                    {
                        "family": "Ashkenazim",
                        "id": "Ashkenazim",
                        "family_count": 1,
                        "caller": "haplotypecaller",
                        "samples": "NA24143"
                    },
                    "Ashkenazim.haplotypecaller.concat.vcf.gz",
                    "Ashkenazim.haplotypecaller.concat.vcf.gz.tbi"
                ]
            ],
            [
                [
                    "NA24143.haplotypecaller.bcftools_stats.txt:md5,8832acfa6af30e9225b151da201733c3"
                ]
            ]
        ],
        "meta": {
            "nf-test": "0.9.0",
            "nextflow": "24.04.4"
        },
        "timestamp": "2024-08-30T09:28:39.431495628"
    },
    "only_call - family": {
        "content": [
            [
                
            ],
            [
                [
                    "NA24835.haplotypecaller.bcftools_stats.txt:md5,cf8d900f4a7f7844bf1ece4478010459"
                ]
            ]
        ],
        "meta": {
            "nf-test": "0.8.4",
            "nextflow": "24.02.0"
        },
        "timestamp": "2024-03-27T10:11:35.142110509"
    },
    "only_merge - sample + family": {
        "content": [
            [
                [
                    {
                        "family": "Ashkenazim",
                        "id": "Ashkenazim",
                        "family_count": 2,
                        "caller": "haplotypecaller",
                        "samples": "NA24143,NA24835"
                    },
                    "Ashkenazim.haplotypecaller.concat.vcf.gz",
                    "Ashkenazim.haplotypecaller.concat.vcf.gz.tbi"
                ]
            ],
            [
                [
                    "NA24835.haplotypecaller.bcftools_stats.txt:md5,cf8d900f4a7f7844bf1ece4478010459"
                ]
            ]
        ],
        "meta": {
            "nf-test": "0.9.0",
            "nextflow": "24.04.4"
        },
        "timestamp": "2024-08-30T09:35:23.034016912"
    }
}