{
    "only_merge - family": {
        "content": [
            [
                
            ],
            [
                [
                    "NA24835.haplotypecaller.bcftools_stats.txt:md5,5f42bee02b2bd0d2af2954292ec3b422"
                ]
            ]
        ],
        "meta": {
            "nf-test": "0.9.0",
            "nextflow": "24.04.4"
        },
        "timestamp": "2024-09-05T11:20:45.005084818"
    },
    "default - family": {
        "content": [
            [
                [
                    {
                        "family": "Ashkenazim",
                        "id": "Ashkenazim",
                        "family_count": 3,
                        "caller": "haplotypecaller",
                        "samples": "NA24143,NA24149,NA24835"
                    },
                    "Ashkenazim.haplotypecaller.vcf.gz",
                    "Ashkenazim.haplotypecaller.vcf.gz.tbi"
                ]
            ],
            [
                [
                    "NA24835.haplotypecaller.bcftools_stats.txt:md5,5f42bee02b2bd0d2af2954292ec3b422"
                ]
            ]
        ],
        "meta": {
            "nf-test": "0.9.0",
            "nextflow": "24.04.4"
        },
        "timestamp": "2024-09-05T11:18:02.353352239"
    },
    "filter - family": {
        "content": [
            [
                [
                    {
                        "family": "Ashkenazim",
                        "id": "Ashkenazim",
                        "family_count": 3,
                        "caller": "haplotypecaller",
                        "samples": "NA24143,NA24149,NA24835"
                    },
                    "Ashkenazim.haplotypecaller.vcf.gz",
                    "Ashkenazim.haplotypecaller.vcf.gz.tbi"
                ]
            ],
            [
                [
                    "NA24835.haplotypecaller.bcftools_stats.txt:md5,5f42bee02b2bd0d2af2954292ec3b422"
                ]
            ]
        ],
        "meta": {
            "nf-test": "0.9.0",
            "nextflow": "24.04.4"
        },
        "timestamp": "2024-09-05T11:19:14.883570897"
    },
    "default - gvcfs": {
        "content": [
            [
                [
                    {
                        "family": "Ashkenazim",
                        "id": "Ashkenazim",
                        "family_count": 1,
                        "caller": "haplotypecaller",
                        "samples": "NA24143"
                    },
                    "Ashkenazim.haplotypecaller.vcf.gz",
                    "Ashkenazim.haplotypecaller.vcf.gz.tbi"
                ]
            ],
            [
                
            ]
        ],
        "meta": {
            "nf-test": "0.9.0",
            "nextflow": "24.04.3"
        },
        "timestamp": "2024-08-06T12:56:23.435795439"
    },
    "default - crams": {
        "content": [
            [
                [
                    {
                        "family": "Ashkenazim",
                        "id": "Ashkenazim",
                        "family_count": 1,
                        "caller": "haplotypecaller",
                        "samples": "NA24143"
                    },
                    "Ashkenazim.haplotypecaller.vcf.gz",
                    "Ashkenazim.haplotypecaller.vcf.gz.tbi"
                ]
            ],
            [
                [
                    "NA24143.haplotypecaller.bcftools_stats.txt:md5,09b4e7674e0f5b98b1e548df3002250e"
                ]
            ]
        ],
        "meta": {
            "nf-test": "0.9.0",
            "nextflow": "24.04.4"
        },
        "timestamp": "2024-09-05T11:16:25.448441115"
    },
    "only_call - family": {
        "content": [
            [
                
            ],
            [
                [
                    "NA24835.haplotypecaller.bcftools_stats.txt:md5,5f42bee02b2bd0d2af2954292ec3b422"
                ]
            ]
        ],
        "meta": {
            "nf-test": "0.9.0",
            "nextflow": "24.04.4"
        },
        "timestamp": "2024-09-05T11:20:04.714403906"
    },
    "only_merge - sample + family": {
        "content": [
            [
                [
                    {
                        "family": "Ashkenazim",
                        "id": "Ashkenazim",
                        "family_count": 2,
                        "caller": "haplotypecaller",
                        "samples": "NA24143,NA24835"
                    },
                    "Ashkenazim.haplotypecaller.vcf.gz",
                    "Ashkenazim.haplotypecaller.vcf.gz.tbi"
                ]
            ],
            [
                [
                    "NA24835.haplotypecaller.bcftools_stats.txt:md5,5f42bee02b2bd0d2af2954292ec3b422"
                ]
            ]
        ],
        "meta": {
            "nf-test": "0.9.0",
            "nextflow": "24.04.4"
        },
        "timestamp": "2024-09-05T11:21:57.601081087"
    }
}