{
    "pipeline_callers - haplotypecaller": {
        "content": [
            [
                "Ashkenazim/NA24143_<version>_<date>/NA24143.bed",
                "Ashkenazim/NA24143_<version>_<date>/NA24143.haplotypecaller.bcftools_stats.txt",
                "Ashkenazim/NA24143_<version>_<date>/NA24143.haplotypecaller.g.vcf.gz",
                "Ashkenazim/NA24143_<version>_<date>/NA24143.haplotypecaller.g.vcf.gz.tbi",
                "Ashkenazim/NA24143_<version>_<date>/NA24143.per-base.bed.gz",
                "Ashkenazim/NA24143_<version>_<date>/NA24143.per-base.bed.gz.csi",
                "Ashkenazim/NA24143_<version>_<date>/mosdepth/NA24143.global.dist.txt",
                "Ashkenazim/NA24143_<version>_<date>/mosdepth/NA24143.region.dist.txt",
                "Ashkenazim/NA24143_<version>_<date>/mosdepth/NA24143.summary.txt",
                "Ashkenazim/NA24143_<version>_<date>/msi/NA24143_all_msi",
                "Ashkenazim/NA24143_<version>_<date>/msi/NA24143_dis_msi",
                "Ashkenazim/NA24143_<version>_<date>/msi/NA24143_summary_msi",
                "Ashkenazim/NA24143_<version>_<date>/msi/NA24143_unstable_msi",
                "Ashkenazim/NA24149_<version>_<date>/NA24149.bed",
                "Ashkenazim/NA24149_<version>_<date>/NA24149.haplotypecaller.bcftools_stats.txt",
                "Ashkenazim/NA24149_<version>_<date>/NA24149.haplotypecaller.g.vcf.gz",
                "Ashkenazim/NA24149_<version>_<date>/NA24149.haplotypecaller.g.vcf.gz.tbi",
                "Ashkenazim/NA24149_<version>_<date>/NA24149.per-base.bed.gz",
                "Ashkenazim/NA24149_<version>_<date>/NA24149.per-base.bed.gz.csi",
                "Ashkenazim/NA24149_<version>_<date>/mosdepth/NA24149.global.dist.txt",
                "Ashkenazim/NA24149_<version>_<date>/mosdepth/NA24149.region.dist.txt",
                "Ashkenazim/NA24149_<version>_<date>/mosdepth/NA24149.summary.txt",
                "Ashkenazim/NA24149_<version>_<date>/msi/NA24149_all_msi",
                "Ashkenazim/NA24149_<version>_<date>/msi/NA24149_dis_msi",
                "Ashkenazim/NA24149_<version>_<date>/msi/NA24149_summary_msi",
                "Ashkenazim/NA24149_<version>_<date>/msi/NA24149_unstable_msi",
                "Ashkenazim/NA24385_<version>_<date>/NA24385.bed",
                "Ashkenazim/NA24385_<version>_<date>/NA24385.haplotypecaller.bcftools_stats.txt",
                "Ashkenazim/NA24385_<version>_<date>/NA24385.haplotypecaller.g.vcf.gz",
                "Ashkenazim/NA24385_<version>_<date>/NA24385.haplotypecaller.g.vcf.gz.tbi",
                "Ashkenazim/NA24385_<version>_<date>/NA24385.per-base.bed.gz",
                "Ashkenazim/NA24385_<version>_<date>/NA24385.per-base.bed.gz.csi",
                "Ashkenazim/NA24385_<version>_<date>/mosdepth/NA24385.global.dist.txt",
                "Ashkenazim/NA24385_<version>_<date>/mosdepth/NA24385.region.dist.txt",
                "Ashkenazim/NA24385_<version>_<date>/mosdepth/NA24385.summary.txt",
                "Ashkenazim/output_<version>_<date>/Ashkenazim.haplotypecaller.bed",
                "Ashkenazim/output_<version>_<date>/Ashkenazim.haplotypecaller.ped",
                "Ashkenazim/output_<version>_<date>/Ashkenazim.haplotypecaller.vcf.gz",
                "Ashkenazim/output_<version>_<date>/Ashkenazim.haplotypecaller.vcf.gz.tbi",
                "Ashkenazim/output_<version>_<date>/automap/haplotypecaller/sample1.HomRegions.cmgg_bio.tsv",
                "Ashkenazim/output_<version>_<date>/automap/haplotypecaller/sample1.HomRegions.pdf",
                "Ashkenazim/output_<version>_<date>/automap/haplotypecaller/sample1.HomRegions.strict.cmgg_bio.tsv",
                "Ashkenazim/output_<version>_<date>/automap/haplotypecaller/sample1.HomRegions.tsv",
                "Ashkenazim/output_<version>_<date>/automap/haplotypecaller/sample2.HomRegions.cmgg_bio.tsv",
                "Ashkenazim/output_<version>_<date>/automap/haplotypecaller/sample2.HomRegions.pdf",
                "Ashkenazim/output_<version>_<date>/automap/haplotypecaller/sample2.HomRegions.strict.cmgg_bio.tsv",
                "Ashkenazim/output_<version>_<date>/automap/haplotypecaller/sample2.HomRegions.tsv",
                "Ashkenazim/output_<version>_<date>/automap/haplotypecaller/sample3.HomRegions.cmgg_bio.tsv",
                "Ashkenazim/output_<version>_<date>/automap/haplotypecaller/sample3.HomRegions.pdf",
                "Ashkenazim/output_<version>_<date>/automap/haplotypecaller/sample3.HomRegions.strict.cmgg_bio.tsv",
                "Ashkenazim/output_<version>_<date>/automap/haplotypecaller/sample3.HomRegions.tsv",
                "Ashkenazim/qc_<version>_<date>/Ashkenazim.haplotypecaller.bcftools_stats.txt",
                "Ashkenazim/qc_<version>_<date>/Ashkenazim.haplotypecaller.html",
                "pipeline_info/nf_cmgg_smallvariants_software_mqc_versions.yml",
                "<version>_<date>/multiqc_data/.stub",
                "<version>_<date>/multiqc_report.html",
                "<version>_<date>/samplesheet.csv"
            ]
        ],
        "timestamp": "2026-05-12T09:21:38.769050592",
        "meta": {
            "nf-test": "0.9.5",
            "nextflow": "25.10.4"
        }
    },
    "pipeline_callers - expansionhunter": {
        "content": [
            [
                "Ashkenazim/NA24143_<version>_<date>/NA24143.bed",
                "Ashkenazim/NA24143_<version>_<date>/NA24143.per-base.bed.gz",
                "Ashkenazim/NA24143_<version>_<date>/NA24143.per-base.bed.gz.csi",
                "Ashkenazim/NA24143_<version>_<date>/mosdepth/NA24143.global.dist.txt",
                "Ashkenazim/NA24143_<version>_<date>/mosdepth/NA24143.region.dist.txt",
                "Ashkenazim/NA24143_<version>_<date>/mosdepth/NA24143.summary.txt",
                "Ashkenazim/NA24143_<version>_<date>/msi/NA24143_all_msi",
                "Ashkenazim/NA24143_<version>_<date>/msi/NA24143_dis_msi",
                "Ashkenazim/NA24143_<version>_<date>/msi/NA24143_summary_msi",
                "Ashkenazim/NA24143_<version>_<date>/msi/NA24143_unstable_msi",
                "Ashkenazim/NA24149_<version>_<date>/NA24149.bed",
                "Ashkenazim/NA24149_<version>_<date>/NA24149.per-base.bed.gz",
                "Ashkenazim/NA24149_<version>_<date>/NA24149.per-base.bed.gz.csi",
                "Ashkenazim/NA24149_<version>_<date>/mosdepth/NA24149.global.dist.txt",
                "Ashkenazim/NA24149_<version>_<date>/mosdepth/NA24149.region.dist.txt",
                "Ashkenazim/NA24149_<version>_<date>/mosdepth/NA24149.summary.txt",
                "Ashkenazim/NA24149_<version>_<date>/msi/NA24149_all_msi",
                "Ashkenazim/NA24149_<version>_<date>/msi/NA24149_dis_msi",
                "Ashkenazim/NA24149_<version>_<date>/msi/NA24149_summary_msi",
                "Ashkenazim/NA24149_<version>_<date>/msi/NA24149_unstable_msi",
                "Ashkenazim/NA24385_<version>_<date>/NA24385.bed",
                "Ashkenazim/NA24385_<version>_<date>/NA24385.per-base.bed.gz",
                "Ashkenazim/NA24385_<version>_<date>/NA24385.per-base.bed.gz.csi",
                "Ashkenazim/NA24385_<version>_<date>/mosdepth/NA24385.global.dist.txt",
                "Ashkenazim/NA24385_<version>_<date>/mosdepth/NA24385.region.dist.txt",
                "Ashkenazim/NA24385_<version>_<date>/mosdepth/NA24385.summary.txt",
                "Ashkenazim/output_<version>_<date>/NA24143.expansionhunter.vcf.gz",
                "Ashkenazim/output_<version>_<date>/NA24143.expansionhunter.vcf.gz.tbi",
                "Ashkenazim/output_<version>_<date>/NA24149.expansionhunter.vcf.gz",
                "Ashkenazim/output_<version>_<date>/NA24149.expansionhunter.vcf.gz.tbi",
                "Ashkenazim/output_<version>_<date>/NA24385.expansionhunter.vcf.gz",
                "Ashkenazim/output_<version>_<date>/NA24385.expansionhunter.vcf.gz.tbi",
                "pipeline_info/nf_cmgg_smallvariants_software_mqc_versions.yml",
                "<version>_<date>/multiqc_data/.stub",
                "<version>_<date>/multiqc_report.html",
                "<version>_<date>/samplesheet.csv"
            ]
        ],
        "timestamp": "2026-07-10T15:55:45.020268258",
        "meta": {
            "nf-test": "0.9.5",
            "nextflow": "26.04.3"
        }
    },
    "pipeline_callers - expansionhunter + haplotypecaller": {
        "content": [
            [
                "Ashkenazim/NA24143_<version>_<date>/NA24143.bed",
                "Ashkenazim/NA24143_<version>_<date>/NA24143.haplotypecaller.bcftools_stats.txt",
                "Ashkenazim/NA24143_<version>_<date>/NA24143.haplotypecaller.g.vcf.gz",
                "Ashkenazim/NA24143_<version>_<date>/NA24143.haplotypecaller.g.vcf.gz.tbi",
                "Ashkenazim/NA24143_<version>_<date>/NA24143.per-base.bed.gz",
                "Ashkenazim/NA24143_<version>_<date>/NA24143.per-base.bed.gz.csi",
                "Ashkenazim/NA24143_<version>_<date>/mosdepth/NA24143.global.dist.txt",
                "Ashkenazim/NA24143_<version>_<date>/mosdepth/NA24143.region.dist.txt",
                "Ashkenazim/NA24143_<version>_<date>/mosdepth/NA24143.summary.txt",
                "Ashkenazim/NA24143_<version>_<date>/msi/NA24143_all_msi",
                "Ashkenazim/NA24143_<version>_<date>/msi/NA24143_dis_msi",
                "Ashkenazim/NA24143_<version>_<date>/msi/NA24143_summary_msi",
                "Ashkenazim/NA24143_<version>_<date>/msi/NA24143_unstable_msi",
                "Ashkenazim/NA24149_<version>_<date>/NA24149.bed",
                "Ashkenazim/NA24149_<version>_<date>/NA24149.haplotypecaller.bcftools_stats.txt",
                "Ashkenazim/NA24149_<version>_<date>/NA24149.haplotypecaller.g.vcf.gz",
                "Ashkenazim/NA24149_<version>_<date>/NA24149.haplotypecaller.g.vcf.gz.tbi",
                "Ashkenazim/NA24149_<version>_<date>/NA24149.per-base.bed.gz",
                "Ashkenazim/NA24149_<version>_<date>/NA24149.per-base.bed.gz.csi",
                "Ashkenazim/NA24149_<version>_<date>/mosdepth/NA24149.global.dist.txt",
                "Ashkenazim/NA24149_<version>_<date>/mosdepth/NA24149.region.dist.txt",
                "Ashkenazim/NA24149_<version>_<date>/mosdepth/NA24149.summary.txt",
                "Ashkenazim/NA24149_<version>_<date>/msi/NA24149_all_msi",
                "Ashkenazim/NA24149_<version>_<date>/msi/NA24149_dis_msi",
                "Ashkenazim/NA24149_<version>_<date>/msi/NA24149_summary_msi",
                "Ashkenazim/NA24149_<version>_<date>/msi/NA24149_unstable_msi",
                "Ashkenazim/NA24385_<version>_<date>/NA24385.bed",
                "Ashkenazim/NA24385_<version>_<date>/NA24385.haplotypecaller.bcftools_stats.txt",
                "Ashkenazim/NA24385_<version>_<date>/NA24385.haplotypecaller.g.vcf.gz",
                "Ashkenazim/NA24385_<version>_<date>/NA24385.haplotypecaller.g.vcf.gz.tbi",
                "Ashkenazim/NA24385_<version>_<date>/NA24385.per-base.bed.gz",
                "Ashkenazim/NA24385_<version>_<date>/NA24385.per-base.bed.gz.csi",
                "Ashkenazim/NA24385_<version>_<date>/mosdepth/NA24385.global.dist.txt",
                "Ashkenazim/NA24385_<version>_<date>/mosdepth/NA24385.region.dist.txt",
                "Ashkenazim/NA24385_<version>_<date>/mosdepth/NA24385.summary.txt",
                "Ashkenazim/output_<version>_<date>/Ashkenazim.haplotypecaller.bed",
                "Ashkenazim/output_<version>_<date>/Ashkenazim.haplotypecaller.ped",
                "Ashkenazim/output_<version>_<date>/Ashkenazim.haplotypecaller.vcf.gz",
                "Ashkenazim/output_<version>_<date>/Ashkenazim.haplotypecaller.vcf.gz.tbi",
                "Ashkenazim/output_<version>_<date>/NA24143.expansionhunter.vcf.gz",
                "Ashkenazim/output_<version>_<date>/NA24143.expansionhunter.vcf.gz.tbi",
                "Ashkenazim/output_<version>_<date>/NA24149.expansionhunter.vcf.gz",
                "Ashkenazim/output_<version>_<date>/NA24149.expansionhunter.vcf.gz.tbi",
                "Ashkenazim/output_<version>_<date>/NA24385.expansionhunter.vcf.gz",
                "Ashkenazim/output_<version>_<date>/NA24385.expansionhunter.vcf.gz.tbi",
                "Ashkenazim/output_<version>_<date>/automap/haplotypecaller/sample1.HomRegions.cmgg_bio.tsv",
                "Ashkenazim/output_<version>_<date>/automap/haplotypecaller/sample1.HomRegions.pdf",
                "Ashkenazim/output_<version>_<date>/automap/haplotypecaller/sample1.HomRegions.strict.cmgg_bio.tsv",
                "Ashkenazim/output_<version>_<date>/automap/haplotypecaller/sample1.HomRegions.tsv",
                "Ashkenazim/output_<version>_<date>/automap/haplotypecaller/sample2.HomRegions.cmgg_bio.tsv",
                "Ashkenazim/output_<version>_<date>/automap/haplotypecaller/sample2.HomRegions.pdf",
                "Ashkenazim/output_<version>_<date>/automap/haplotypecaller/sample2.HomRegions.strict.cmgg_bio.tsv",
                "Ashkenazim/output_<version>_<date>/automap/haplotypecaller/sample2.HomRegions.tsv",
                "Ashkenazim/output_<version>_<date>/automap/haplotypecaller/sample3.HomRegions.cmgg_bio.tsv",
                "Ashkenazim/output_<version>_<date>/automap/haplotypecaller/sample3.HomRegions.pdf",
                "Ashkenazim/output_<version>_<date>/automap/haplotypecaller/sample3.HomRegions.strict.cmgg_bio.tsv",
                "Ashkenazim/output_<version>_<date>/automap/haplotypecaller/sample3.HomRegions.tsv",
                "Ashkenazim/qc_<version>_<date>/Ashkenazim.haplotypecaller.bcftools_stats.txt",
                "Ashkenazim/qc_<version>_<date>/Ashkenazim.haplotypecaller.html",
                "pipeline_info/nf_cmgg_smallvariants_software_mqc_versions.yml",
                "<version>_<date>/multiqc_data/.stub",
                "<version>_<date>/multiqc_report.html",
                "<version>_<date>/samplesheet.csv"
            ]
        ],
        "timestamp": "2026-07-10T15:56:58.538828587",
        "meta": {
            "nf-test": "0.9.5",
            "nextflow": "26.04.3"
        }
    },
    "pipeline_callers - vardict + haplotypecaller": {
        "content": [
            [
                "Ashkenazim/NA24143_<version>_<date>/NA24143.bed",
                "Ashkenazim/NA24143_<version>_<date>/NA24143.haplotypecaller.bcftools_stats.txt",
                "Ashkenazim/NA24143_<version>_<date>/NA24143.haplotypecaller.g.vcf.gz",
                "Ashkenazim/NA24143_<version>_<date>/NA24143.haplotypecaller.g.vcf.gz.tbi",
                "Ashkenazim/NA24143_<version>_<date>/NA24143.per-base.bed.gz",
                "Ashkenazim/NA24143_<version>_<date>/NA24143.per-base.bed.gz.csi",
                "Ashkenazim/NA24143_<version>_<date>/mosdepth/NA24143.global.dist.txt",
                "Ashkenazim/NA24143_<version>_<date>/mosdepth/NA24143.region.dist.txt",
                "Ashkenazim/NA24143_<version>_<date>/mosdepth/NA24143.summary.txt",
                "Ashkenazim/NA24143_<version>_<date>/msi/NA24143_all_msi",
                "Ashkenazim/NA24143_<version>_<date>/msi/NA24143_dis_msi",
                "Ashkenazim/NA24143_<version>_<date>/msi/NA24143_summary_msi",
                "Ashkenazim/NA24143_<version>_<date>/msi/NA24143_unstable_msi",
                "Ashkenazim/NA24149_<version>_<date>/NA24149.bed",
                "Ashkenazim/NA24149_<version>_<date>/NA24149.haplotypecaller.bcftools_stats.txt",
                "Ashkenazim/NA24149_<version>_<date>/NA24149.haplotypecaller.g.vcf.gz",
                "Ashkenazim/NA24149_<version>_<date>/NA24149.haplotypecaller.g.vcf.gz.tbi",
                "Ashkenazim/NA24149_<version>_<date>/NA24149.per-base.bed.gz",
                "Ashkenazim/NA24149_<version>_<date>/NA24149.per-base.bed.gz.csi",
                "Ashkenazim/NA24149_<version>_<date>/mosdepth/NA24149.global.dist.txt",
                "Ashkenazim/NA24149_<version>_<date>/mosdepth/NA24149.region.dist.txt",
                "Ashkenazim/NA24149_<version>_<date>/mosdepth/NA24149.summary.txt",
                "Ashkenazim/NA24149_<version>_<date>/msi/NA24149_all_msi",
                "Ashkenazim/NA24149_<version>_<date>/msi/NA24149_dis_msi",
                "Ashkenazim/NA24149_<version>_<date>/msi/NA24149_summary_msi",
                "Ashkenazim/NA24149_<version>_<date>/msi/NA24149_unstable_msi",
                "Ashkenazim/NA24385_<version>_<date>/NA24385.bed",
                "Ashkenazim/NA24385_<version>_<date>/NA24385.haplotypecaller.bcftools_stats.txt",
                "Ashkenazim/NA24385_<version>_<date>/NA24385.haplotypecaller.g.vcf.gz",
                "Ashkenazim/NA24385_<version>_<date>/NA24385.haplotypecaller.g.vcf.gz.tbi",
                "Ashkenazim/NA24385_<version>_<date>/NA24385.per-base.bed.gz",
                "Ashkenazim/NA24385_<version>_<date>/NA24385.per-base.bed.gz.csi",
                "Ashkenazim/NA24385_<version>_<date>/mosdepth/NA24385.global.dist.txt",
                "Ashkenazim/NA24385_<version>_<date>/mosdepth/NA24385.region.dist.txt",
                "Ashkenazim/NA24385_<version>_<date>/mosdepth/NA24385.summary.txt",
                "Ashkenazim/output_<version>_<date>/Ashkenazim.haplotypecaller.bed",
                "Ashkenazim/output_<version>_<date>/Ashkenazim.haplotypecaller.ped",
                "Ashkenazim/output_<version>_<date>/Ashkenazim.haplotypecaller.vcf.gz",
                "Ashkenazim/output_<version>_<date>/Ashkenazim.haplotypecaller.vcf.gz.tbi",
                "Ashkenazim/output_<version>_<date>/NA24143.vardict.ped",
                "Ashkenazim/output_<version>_<date>/NA24143.vardict.vcf.gz",
                "Ashkenazim/output_<version>_<date>/NA24143.vardict.vcf.gz.tbi",
                "Ashkenazim/output_<version>_<date>/NA24149.vardict.ped",
                "Ashkenazim/output_<version>_<date>/NA24149.vardict.vcf.gz",
                "Ashkenazim/output_<version>_<date>/NA24149.vardict.vcf.gz.tbi",
                "Ashkenazim/output_<version>_<date>/NA24385.vardict.ped",
                "Ashkenazim/output_<version>_<date>/NA24385.vardict.vcf.gz",
                "Ashkenazim/output_<version>_<date>/NA24385.vardict.vcf.gz.tbi",
                "Ashkenazim/output_<version>_<date>/automap/haplotypecaller/sample1.HomRegions.cmgg_bio.tsv",
                "Ashkenazim/output_<version>_<date>/automap/haplotypecaller/sample1.HomRegions.pdf",
                "Ashkenazim/output_<version>_<date>/automap/haplotypecaller/sample1.HomRegions.strict.cmgg_bio.tsv",
                "Ashkenazim/output_<version>_<date>/automap/haplotypecaller/sample1.HomRegions.tsv",
                "Ashkenazim/output_<version>_<date>/automap/haplotypecaller/sample2.HomRegions.cmgg_bio.tsv",
                "Ashkenazim/output_<version>_<date>/automap/haplotypecaller/sample2.HomRegions.pdf",
                "Ashkenazim/output_<version>_<date>/automap/haplotypecaller/sample2.HomRegions.strict.cmgg_bio.tsv",
                "Ashkenazim/output_<version>_<date>/automap/haplotypecaller/sample2.HomRegions.tsv",
                "Ashkenazim/output_<version>_<date>/automap/haplotypecaller/sample3.HomRegions.cmgg_bio.tsv",
                "Ashkenazim/output_<version>_<date>/automap/haplotypecaller/sample3.HomRegions.pdf",
                "Ashkenazim/output_<version>_<date>/automap/haplotypecaller/sample3.HomRegions.strict.cmgg_bio.tsv",
                "Ashkenazim/output_<version>_<date>/automap/haplotypecaller/sample3.HomRegions.tsv",
                "Ashkenazim/output_<version>_<date>/automap/vardict/NA24143.HomRegions.cmgg_bio.tsv",
                "Ashkenazim/output_<version>_<date>/automap/vardict/NA24143.HomRegions.pdf",
                "Ashkenazim/output_<version>_<date>/automap/vardict/NA24143.HomRegions.strict.cmgg_bio.tsv",
                "Ashkenazim/output_<version>_<date>/automap/vardict/NA24143.HomRegions.tsv",
                "Ashkenazim/output_<version>_<date>/automap/vardict/NA24149.HomRegions.cmgg_bio.tsv",
                "Ashkenazim/output_<version>_<date>/automap/vardict/NA24149.HomRegions.pdf",
                "Ashkenazim/output_<version>_<date>/automap/vardict/NA24149.HomRegions.strict.cmgg_bio.tsv",
                "Ashkenazim/output_<version>_<date>/automap/vardict/NA24149.HomRegions.tsv",
                "Ashkenazim/output_<version>_<date>/automap/vardict/NA24385.HomRegions.cmgg_bio.tsv",
                "Ashkenazim/output_<version>_<date>/automap/vardict/NA24385.HomRegions.pdf",
                "Ashkenazim/output_<version>_<date>/automap/vardict/NA24385.HomRegions.strict.cmgg_bio.tsv",
                "Ashkenazim/output_<version>_<date>/automap/vardict/NA24385.HomRegions.tsv",
                "Ashkenazim/qc_<version>_<date>/Ashkenazim.haplotypecaller.bcftools_stats.txt",
                "Ashkenazim/qc_<version>_<date>/Ashkenazim.haplotypecaller.html",
                "Ashkenazim/qc_<version>_<date>/NA24143.vardict.bcftools_stats.txt",
                "Ashkenazim/qc_<version>_<date>/NA24143.vardict.html",
                "Ashkenazim/qc_<version>_<date>/NA24149.vardict.bcftools_stats.txt",
                "Ashkenazim/qc_<version>_<date>/NA24149.vardict.html",
                "Ashkenazim/qc_<version>_<date>/NA24385.vardict.bcftools_stats.txt",
                "Ashkenazim/qc_<version>_<date>/NA24385.vardict.html",
                "pipeline_info/nf_cmgg_smallvariants_software_mqc_versions.yml",
                "<version>_<date>/multiqc_data/.stub",
                "<version>_<date>/multiqc_report.html",
                "<version>_<date>/samplesheet.csv"
            ]
        ],
        "timestamp": "2026-05-12T09:22:56.929385651",
        "meta": {
            "nf-test": "0.9.5",
            "nextflow": "25.10.4"
        }
    },
    "pipeline_callers - vardict": {
        "content": [
            [
                "Ashkenazim/NA24143_<version>_<date>/NA24143.bed",
                "Ashkenazim/NA24143_<version>_<date>/NA24143.per-base.bed.gz",
                "Ashkenazim/NA24143_<version>_<date>/NA24143.per-base.bed.gz.csi",
                "Ashkenazim/NA24143_<version>_<date>/mosdepth/NA24143.global.dist.txt",
                "Ashkenazim/NA24143_<version>_<date>/mosdepth/NA24143.region.dist.txt",
                "Ashkenazim/NA24143_<version>_<date>/mosdepth/NA24143.summary.txt",
                "Ashkenazim/NA24143_<version>_<date>/msi/NA24143_all_msi",
                "Ashkenazim/NA24143_<version>_<date>/msi/NA24143_dis_msi",
                "Ashkenazim/NA24143_<version>_<date>/msi/NA24143_summary_msi",
                "Ashkenazim/NA24143_<version>_<date>/msi/NA24143_unstable_msi",
                "Ashkenazim/NA24149_<version>_<date>/NA24149.bed",
                "Ashkenazim/NA24149_<version>_<date>/NA24149.per-base.bed.gz",
                "Ashkenazim/NA24149_<version>_<date>/NA24149.per-base.bed.gz.csi",
                "Ashkenazim/NA24149_<version>_<date>/mosdepth/NA24149.global.dist.txt",
                "Ashkenazim/NA24149_<version>_<date>/mosdepth/NA24149.region.dist.txt",
                "Ashkenazim/NA24149_<version>_<date>/mosdepth/NA24149.summary.txt",
                "Ashkenazim/NA24149_<version>_<date>/msi/NA24149_all_msi",
                "Ashkenazim/NA24149_<version>_<date>/msi/NA24149_dis_msi",
                "Ashkenazim/NA24149_<version>_<date>/msi/NA24149_summary_msi",
                "Ashkenazim/NA24149_<version>_<date>/msi/NA24149_unstable_msi",
                "Ashkenazim/NA24385_<version>_<date>/NA24385.bed",
                "Ashkenazim/NA24385_<version>_<date>/NA24385.per-base.bed.gz",
                "Ashkenazim/NA24385_<version>_<date>/NA24385.per-base.bed.gz.csi",
                "Ashkenazim/NA24385_<version>_<date>/mosdepth/NA24385.global.dist.txt",
                "Ashkenazim/NA24385_<version>_<date>/mosdepth/NA24385.region.dist.txt",
                "Ashkenazim/NA24385_<version>_<date>/mosdepth/NA24385.summary.txt",
                "Ashkenazim/output_<version>_<date>/NA24143.vardict.ped",
                "Ashkenazim/output_<version>_<date>/NA24143.vardict.vcf.gz",
                "Ashkenazim/output_<version>_<date>/NA24143.vardict.vcf.gz.tbi",
                "Ashkenazim/output_<version>_<date>/NA24149.vardict.ped",
                "Ashkenazim/output_<version>_<date>/NA24149.vardict.vcf.gz",
                "Ashkenazim/output_<version>_<date>/NA24149.vardict.vcf.gz.tbi",
                "Ashkenazim/output_<version>_<date>/NA24385.vardict.ped",
                "Ashkenazim/output_<version>_<date>/NA24385.vardict.vcf.gz",
                "Ashkenazim/output_<version>_<date>/NA24385.vardict.vcf.gz.tbi",
                "Ashkenazim/output_<version>_<date>/automap/vardict/NA24143.HomRegions.cmgg_bio.tsv",
                "Ashkenazim/output_<version>_<date>/automap/vardict/NA24143.HomRegions.pdf",
                "Ashkenazim/output_<version>_<date>/automap/vardict/NA24143.HomRegions.strict.cmgg_bio.tsv",
                "Ashkenazim/output_<version>_<date>/automap/vardict/NA24143.HomRegions.tsv",
                "Ashkenazim/output_<version>_<date>/automap/vardict/NA24149.HomRegions.cmgg_bio.tsv",
                "Ashkenazim/output_<version>_<date>/automap/vardict/NA24149.HomRegions.pdf",
                "Ashkenazim/output_<version>_<date>/automap/vardict/NA24149.HomRegions.strict.cmgg_bio.tsv",
                "Ashkenazim/output_<version>_<date>/automap/vardict/NA24149.HomRegions.tsv",
                "Ashkenazim/output_<version>_<date>/automap/vardict/NA24385.HomRegions.cmgg_bio.tsv",
                "Ashkenazim/output_<version>_<date>/automap/vardict/NA24385.HomRegions.pdf",
                "Ashkenazim/output_<version>_<date>/automap/vardict/NA24385.HomRegions.strict.cmgg_bio.tsv",
                "Ashkenazim/output_<version>_<date>/automap/vardict/NA24385.HomRegions.tsv",
                "Ashkenazim/qc_<version>_<date>/NA24143.vardict.bcftools_stats.txt",
                "Ashkenazim/qc_<version>_<date>/NA24143.vardict.html",
                "Ashkenazim/qc_<version>_<date>/NA24149.vardict.bcftools_stats.txt",
                "Ashkenazim/qc_<version>_<date>/NA24149.vardict.html",
                "Ashkenazim/qc_<version>_<date>/NA24385.vardict.bcftools_stats.txt",
                "Ashkenazim/qc_<version>_<date>/NA24385.vardict.html",
                "pipeline_info/nf_cmgg_smallvariants_software_mqc_versions.yml",
                "<version>_<date>/multiqc_data/.stub",
                "<version>_<date>/multiqc_report.html",
                "<version>_<date>/samplesheet.csv"
            ]
        ],
        "timestamp": "2026-05-12T09:20:23.304275325",
        "meta": {
            "nf-test": "0.9.5",
            "nextflow": "25.10.4"
        }
    }
}