{
    "default - merge": {
        "content": [
            [
                [
                    {
                        "id": "NA24143",
                        "sample": "NA24143",
                        "family": "Ashkenazim",
                        "family_samples": "NA24143",
                        "duplicate_count": 2
                    },
                    798258,
                    "NA24143.cram.crai"
                ]
            ],
            [
                [
                    {
                        "id": "NA24143",
                        "sample": "NA24143",
                        "family": "Ashkenazim",
                        "family_samples": "NA24143",
                        "duplicate_count": 2
                    },
                    "NA24143_intersect.bed:md5,b87069698afefb15282d069e56110046"
                ]
            ],
            [
                
            ]
        ],
        "meta": {
            "nf-test": "0.9.0",
            "nextflow": "24.04.4"
        },
        "timestamp": "2024-09-23T11:46:20.577603661"
    },
    "default - WGS": {
        "content": [
            [
                [
                    {
                        "id": "NA24143",
                        "sample": "NA24143",
                        "family": "Ashkenazim",
                        "family_samples": "NA24143",
                        "duplicate_count": 1
                    },
                    "NA24143.cram",
                    "NA24143.cram.crai"
                ]
            ],
            [
                [
                    {
                        "id": "NA24143",
                        "sample": "NA24143",
                        "family": "Ashkenazim",
                        "family_samples": "NA24143",
                        "duplicate_count": 1
                    },
                    "NA24143.filter.bed:md5,9fc0cc2e4403678f18bc8b18646abd66"
                ]
            ],
            [
                
            ]
        ],
        "meta": {
            "nf-test": "0.9.0",
            "nextflow": "24.04.4"
        },
        "timestamp": "2024-09-06T14:32:19.290286542"
    },
    "default - WES": {
        "content": [
            [
                [
                    {
                        "id": "NA24143",
                        "sample": "NA24143",
                        "family": "Ashkenazim",
                        "family_samples": "NA24143",
                        "duplicate_count": 1
                    },
                    "NA24143.cram",
                    "NA24143.cram.crai"
                ]
            ],
            [
                [
                    {
                        "id": "NA24143",
                        "sample": "NA24143",
                        "family": "Ashkenazim",
                        "family_samples": "NA24143",
                        "duplicate_count": 1
                    },
                    "NA24143_intersect.bed:md5,b87069698afefb15282d069e56110046"
                ]
            ],
            [
                
            ]
        ],
        "meta": {
            "nf-test": "0.9.0",
            "nextflow": "24.04.4"
        },
        "timestamp": "2024-09-06T14:33:15.988619426"
    },
    "default - WES common ROI": {
        "content": [
            [
                [
                    {
                        "id": "NA24143",
                        "sample": "NA24143",
                        "family": "Ashkenazim",
                        "family_samples": "NA24143",
                        "duplicate_count": 1
                    },
                    "NA24143.cram",
                    "NA24143.cram.crai"
                ]
            ],
            [
                [
                    {
                        "id": "NA24143",
                        "sample": "NA24143",
                        "family": "Ashkenazim",
                        "family_samples": "NA24143",
                        "duplicate_count": 1
                    },
                    "NA24143_intersect.bed:md5,b87069698afefb15282d069e56110046"
                ]
            ],
            [
                
            ]
        ],
        "meta": {
            "nf-test": "0.9.0",
            "nextflow": "24.04.4"
        },
        "timestamp": "2024-09-06T14:32:49.756585296"
    }
}