{
    "cram_prepare_samtools_bedtools - default - WES common ROI": {
        "content": [
            [
                [
                    {
                        "id": "NA24143",
                        "sample": "NA24143",
                        "family": "Ashkenazim",
                        "family_samples": "NA24143",
                        "duplicate_count": 1
                    },
                    "/nf-cmgg/test-datasets/raw/smallvariants/data/genomics/homo_sapiens/illumina/crams/NA24143.cram",
                    "NA24143.cram.crai"
                ]
            ],
            [
                [
                    {
                        "id": "NA24143",
                        "sample": "NA24143",
                        "family": "Ashkenazim",
                        "family_samples": "NA24143",
                        "duplicate_count": 1
                    },
                    "NA24143.bam,readsMD5:77afffb023e537869c5c6ebf31187ded",
                    "NA24143.bam.bai"
                ]
            ],
            [
                [
                    {
                        "id": "NA24143",
                        "sample": "NA24143",
                        "family": "Ashkenazim",
                        "family_samples": "NA24143",
                        "duplicate_count": 1
                    },
                    "NA24143.filter.bed:md5,b87069698afefb15282d069e56110046"
                ]
            ],
            [
                [
                    {
                        "id": "NA24143",
                        "sample": "NA24143",
                        "family": "Ashkenazim",
                        "family_samples": "NA24143",
                        "duplicate_count": 1
                    },
                    "NA24143.per-base.bed.gz:md5,2f773324021d6d1b18c87af240d1a18f",
                    "NA24143.per-base.bed.gz.csi:md5,70fcdc65b30c5d7fd4001ac3275de5f8"
                ]
            ],
            [
                [
                    {
                        "id": "NA24143",
                        "sample": "NA24143",
                        "family": "Ashkenazim",
                        "family_samples": "NA24143",
                        "duplicate_count": 1
                    },
                    "NA24143.mosdepth.global.dist.txt:md5,c4ea93892ab8a719abfb4c2ab3ad7f80"
                ],
                [
                    {
                        "id": "NA24143",
                        "sample": "NA24143",
                        "family": "Ashkenazim",
                        "family_samples": "NA24143",
                        "duplicate_count": 1
                    },
                    "NA24143.mosdepth.region.dist.txt:md5,e581f21f2160971c8fa33e6e5955818e"
                ],
                [
                    {
                        "id": "NA24143",
                        "sample": "NA24143",
                        "family": "Ashkenazim",
                        "family_samples": "NA24143",
                        "duplicate_count": 1
                    },
                    "NA24143.mosdepth.summary.txt:md5,81c8294c15457f2234b2fadb52aea405"
                ]
            ],
            [
                "NA24143.mosdepth.global.dist.txt:md5,c4ea93892ab8a719abfb4c2ab3ad7f80",
                "NA24143.mosdepth.region.dist.txt:md5,e581f21f2160971c8fa33e6e5955818e",
                "NA24143.mosdepth.summary.txt:md5,81c8294c15457f2234b2fadb52aea405"
            ]
        ],
        "timestamp": "2026-06-04T09:59:24.539038",
        "meta": {
            "nf-test": "0.9.5",
            "nextflow": "26.04.1"
        }
    },
    "cram_prepare_samtools_bedtools - default - WES": {
        "content": [
            [
                [
                    {
                        "id": "NA24143",
                        "sample": "NA24143",
                        "family": "Ashkenazim",
                        "family_samples": "NA24143",
                        "duplicate_count": 1
                    },
                    "/nf-cmgg/test-datasets/raw/smallvariants/data/genomics/homo_sapiens/illumina/crams/NA24143.cram",
                    "NA24143.cram.crai"
                ]
            ],
            [
                
            ],
            [
                [
                    {
                        "id": "NA24143",
                        "sample": "NA24143",
                        "family": "Ashkenazim",
                        "family_samples": "NA24143",
                        "duplicate_count": 1
                    },
                    "NA24143.filter.bed:md5,b87069698afefb15282d069e56110046"
                ]
            ],
            [
                [
                    {
                        "id": "NA24143",
                        "sample": "NA24143",
                        "family": "Ashkenazim",
                        "family_samples": "NA24143",
                        "duplicate_count": 1
                    },
                    "NA24143.per-base.bed.gz:md5,2f773324021d6d1b18c87af240d1a18f",
                    "NA24143.per-base.bed.gz.csi:md5,70fcdc65b30c5d7fd4001ac3275de5f8"
                ]
            ],
            [
                [
                    {
                        "id": "NA24143",
                        "sample": "NA24143",
                        "family": "Ashkenazim",
                        "family_samples": "NA24143",
                        "duplicate_count": 1
                    },
                    "NA24143.mosdepth.global.dist.txt:md5,c4ea93892ab8a719abfb4c2ab3ad7f80"
                ],
                [
                    {
                        "id": "NA24143",
                        "sample": "NA24143",
                        "family": "Ashkenazim",
                        "family_samples": "NA24143",
                        "duplicate_count": 1
                    },
                    "NA24143.mosdepth.region.dist.txt:md5,e581f21f2160971c8fa33e6e5955818e"
                ],
                [
                    {
                        "id": "NA24143",
                        "sample": "NA24143",
                        "family": "Ashkenazim",
                        "family_samples": "NA24143",
                        "duplicate_count": 1
                    },
                    "NA24143.mosdepth.summary.txt:md5,81c8294c15457f2234b2fadb52aea405"
                ]
            ],
            [
                "NA24143.mosdepth.global.dist.txt:md5,c4ea93892ab8a719abfb4c2ab3ad7f80",
                "NA24143.mosdepth.region.dist.txt:md5,e581f21f2160971c8fa33e6e5955818e",
                "NA24143.mosdepth.summary.txt:md5,81c8294c15457f2234b2fadb52aea405"
            ]
        ],
        "timestamp": "2026-06-04T09:59:37.10493",
        "meta": {
            "nf-test": "0.9.5",
            "nextflow": "26.04.1"
        }
    },
    "cram_prepare_samtools_bedtools - default - WGS": {
        "content": [
            [
                [
                    {
                        "id": "NA24143",
                        "sample": "NA24143",
                        "family": "Ashkenazim",
                        "family_samples": "NA24143",
                        "duplicate_count": 1
                    },
                    "/nf-cmgg/test-datasets/raw/smallvariants/data/genomics/homo_sapiens/illumina/crams/NA24143.cram",
                    "NA24143.cram.crai"
                ]
            ],
            [
                
            ],
            [
                [
                    {
                        "id": "NA24143",
                        "sample": "NA24143",
                        "family": "Ashkenazim",
                        "family_samples": "NA24143",
                        "duplicate_count": 1
                    },
                    "NA24143.filter.bed:md5,85a5568a6976ed455caa712991b30ac2"
                ]
            ],
            [
                [
                    {
                        "id": "NA24143",
                        "sample": "NA24143",
                        "family": "Ashkenazim",
                        "family_samples": "NA24143",
                        "duplicate_count": 1
                    },
                    "NA24143.per-base.bed.gz:md5,2f773324021d6d1b18c87af240d1a18f",
                    "NA24143.per-base.bed.gz.csi:md5,70fcdc65b30c5d7fd4001ac3275de5f8"
                ]
            ],
            [
                [
                    {
                        "id": "NA24143",
                        "sample": "NA24143",
                        "family": "Ashkenazim",
                        "family_samples": "NA24143",
                        "duplicate_count": 1
                    },
                    "NA24143.mosdepth.global.dist.txt:md5,c4ea93892ab8a719abfb4c2ab3ad7f80"
                ],
                [
                    {
                        "id": "NA24143",
                        "sample": "NA24143",
                        "family": "Ashkenazim",
                        "family_samples": "NA24143",
                        "duplicate_count": 1
                    },
                    "NA24143.mosdepth.summary.txt:md5,19d2d22dca7ce7cf665711a59d1c437b"
                ]
            ],
            [
                "NA24143.mosdepth.global.dist.txt:md5,c4ea93892ab8a719abfb4c2ab3ad7f80",
                "NA24143.mosdepth.summary.txt:md5,19d2d22dca7ce7cf665711a59d1c437b"
            ]
        ],
        "timestamp": "2026-06-04T09:59:10.216558",
        "meta": {
            "nf-test": "0.9.5",
            "nextflow": "26.04.1"
        }
    },
    "cram_prepare_samtools_bedtools - default - merge": {
        "content": [
            [
                [
                    {
                        "id": "NA24143",
                        "sample": "NA24143",
                        "family": "Ashkenazim",
                        "family_samples": "NA24143",
                        "duplicate_count": 2
                    },
                    "NA24143.cram",
                    "NA24143.cram.crai"
                ]
            ],
            [
                [
                    {
                        "id": "NA24143",
                        "sample": "NA24143",
                        "family": "Ashkenazim",
                        "family_samples": "NA24143",
                        "duplicate_count": 2
                    },
                    "NA24143.bam",
                    "NA24143.bam.bai"
                ]
            ],
            [
                [
                    {
                        "id": "NA24143",
                        "sample": "NA24143",
                        "family": "Ashkenazim",
                        "family_samples": "NA24143",
                        "duplicate_count": 2
                    },
                    "NA24143.filter.bed:md5,b87069698afefb15282d069e56110046"
                ]
            ],
            [
                [
                    {
                        "id": "NA24143",
                        "sample": "NA24143",
                        "family": "Ashkenazim",
                        "family_samples": "NA24143",
                        "duplicate_count": 2
                    },
                    "NA24143.per-base.bed.gz:md5,85e799ea056ba8d127115e012adcbe7a",
                    "NA24143.per-base.bed.gz.csi:md5,fb8f4810f0e8044c2096927ec79aa945"
                ]
            ],
            [
                [
                    {
                        "id": "NA24143",
                        "sample": "NA24143",
                        "family": "Ashkenazim",
                        "family_samples": "NA24143",
                        "duplicate_count": 2
                    },
                    "NA24143.mosdepth.global.dist.txt:md5,f6d088ceafbfe6743bf430a21db94178"
                ],
                [
                    {
                        "id": "NA24143",
                        "sample": "NA24143",
                        "family": "Ashkenazim",
                        "family_samples": "NA24143",
                        "duplicate_count": 2
                    },
                    "NA24143.mosdepth.region.dist.txt:md5,499c0bcae0f6d1db93d80df7318ffa4b"
                ],
                [
                    {
                        "id": "NA24143",
                        "sample": "NA24143",
                        "family": "Ashkenazim",
                        "family_samples": "NA24143",
                        "duplicate_count": 2
                    },
                    "NA24143.mosdepth.summary.txt:md5,c02f8681bb0191868b3b31bb46e815b5"
                ]
            ],
            [
                "NA24143.mosdepth.global.dist.txt:md5,f6d088ceafbfe6743bf430a21db94178",
                "NA24143.mosdepth.region.dist.txt:md5,499c0bcae0f6d1db93d80df7318ffa4b",
                "NA24143.mosdepth.summary.txt:md5,c02f8681bb0191868b3b31bb46e815b5"
            ]
        ],
        "timestamp": "2026-06-04T09:59:54.588927",
        "meta": {
            "nf-test": "0.9.5",
            "nextflow": "26.04.1"
        }
    }
}