{
    "vcf_dbsnp_vcfanno - default": {
        "content": [
            [
                [
                    {
                        "id": "NA24143",
                        "family": "NA24143",
                        "family_samples": "NA24143",
                        "caller": "haplotypecaller"
                    },
                    "NA24143.vcf.gz,variantsMD5:b4f76bc67ba0e159489393d4788349b3",
                    "NA24143.vcf.gz.tbi"
                ]
            ]
        ],
        "meta": {
            "nf-test": "0.9.1",
            "nextflow": "24.10.0"
        },
        "timestamp": "2024-11-05T14:44:22.532988474"
    }
}