{
    "filter": {
        "content": [
            [

            ],
            [
                "NA24143/NA24143.bed",
                "NA24143/NA24143.haplotypecaller.g.vcf.gz",
                "NA24143/NA24143.haplotypecaller.g.vcf.gz.csi",
                "NA24143/NA24143.haplotypecaller.g.vcf.gz.tbi",
                "NA24143/reports/NA24143.global.dist.txt",
                "NA24143/reports/NA24143.haplotypecaller.bcftools_stats.txt",
                "NA24143/reports/NA24143.summary.txt",
                "NA24149/NA24149.bed",
                "NA24149/NA24149.haplotypecaller.g.vcf.gz",
                "NA24149/NA24149.haplotypecaller.g.vcf.gz.csi",
                "NA24149/NA24149.haplotypecaller.g.vcf.gz.tbi",
                "NA24149/reports/NA24149.global.dist.txt",
                "NA24149/reports/NA24149.haplotypecaller.bcftools_stats.txt",
                "NA24149/reports/NA24149.summary.txt",
                "NA24385/NA24385.bed",
                "NA24385/NA24385.haplotypecaller.g.vcf.gz",
                "NA24385/NA24385.haplotypecaller.g.vcf.gz.csi",
                "NA24385/NA24385.haplotypecaller.g.vcf.gz.tbi",
                "NA24385/reports/NA24385.global.dist.txt",
                "NA24385/reports/NA24385.haplotypecaller.bcftools_stats.txt",
                "NA24385/reports/NA24385.summary.txt",
                "multiqc/multiqc_plots",
                "multiqc/multiqc_report.html",
                "samplesheet.csv",
                "test/Ashkenazim/Ashkenazim.bed",
                "test/Ashkenazim/Ashkenazim.haplotypecaller.ped",
                "test/Ashkenazim/Ashkenazim.haplotypecaller.vcf.gz",
                "test/Ashkenazim/Ashkenazim.haplotypecaller.vcf.gz.csi",
                "test/Ashkenazim/Ashkenazim.haplotypecaller.vcf.gz.tbi",
                "test/Ashkenazim/reports/Ashkenazim.haplotypecaller.bcftools_stats.txt",
                "test/Ashkenazim/reports/Ashkenazim.haplotypecaller.somalier.html"
            ]
        ],
        "meta": {
            "nf-test": "0.9.0",
            "nextflow": "24.04.4"
        },
        "timestamp": "2024-09-05T11:45:02.491962487"
    },
    "only_call": {
        "content": [
            [

            ],
            [
                "NA24143/NA24143.bed",
                "NA24143/NA24143.haplotypecaller.g.vcf.gz",
                "NA24143/NA24143.haplotypecaller.g.vcf.gz.csi",
                "NA24143/NA24143.haplotypecaller.g.vcf.gz.tbi",
                "NA24143/reports/NA24143.global.dist.txt",
                "NA24143/reports/NA24143.haplotypecaller.bcftools_stats.txt",
                "NA24143/reports/NA24143.summary.txt",
                "NA24149/NA24149.bed",
                "NA24149/NA24149.haplotypecaller.g.vcf.gz",
                "NA24149/NA24149.haplotypecaller.g.vcf.gz.csi",
                "NA24149/NA24149.haplotypecaller.g.vcf.gz.tbi",
                "NA24149/reports/NA24149.global.dist.txt",
                "NA24149/reports/NA24149.haplotypecaller.bcftools_stats.txt",
                "NA24149/reports/NA24149.summary.txt",
                "NA24385/NA24385.bed",
                "NA24385/NA24385.haplotypecaller.g.vcf.gz",
                "NA24385/NA24385.haplotypecaller.g.vcf.gz.csi",
                "NA24385/NA24385.haplotypecaller.g.vcf.gz.tbi",
                "NA24385/reports/NA24385.global.dist.txt",
                "NA24385/reports/NA24385.haplotypecaller.bcftools_stats.txt",
                "NA24385/reports/NA24385.summary.txt",
                "multiqc/multiqc_plots",
                "multiqc/multiqc_report.html",
                "samplesheet.csv"
            ]
        ],
        "meta": {
            "nf-test": "0.9.0",
            "nextflow": "24.04.4"
        },
        "timestamp": "2024-09-05T11:45:47.266012698"
    },
    "annotate + vcfanno": {
        "content": [
            [

            ],
            [
                "NA24143/NA24143.bed",
                "NA24143/NA24143.haplotypecaller.g.vcf.gz",
                "NA24143/NA24143.haplotypecaller.g.vcf.gz.csi",
                "NA24143/NA24143.haplotypecaller.g.vcf.gz.tbi",
                "NA24143/reports/NA24143.global.dist.txt",
                "NA24143/reports/NA24143.haplotypecaller.bcftools_stats.txt",
                "NA24143/reports/NA24143.summary.txt",
                "NA24149/NA24149.bed",
                "NA24149/NA24149.haplotypecaller.g.vcf.gz",
                "NA24149/NA24149.haplotypecaller.g.vcf.gz.csi",
                "NA24149/NA24149.haplotypecaller.g.vcf.gz.tbi",
                "NA24149/reports/NA24149.global.dist.txt",
                "NA24149/reports/NA24149.haplotypecaller.bcftools_stats.txt",
                "NA24149/reports/NA24149.summary.txt",
                "NA24385/NA24385.bed",
                "NA24385/NA24385.haplotypecaller.g.vcf.gz",
                "NA24385/NA24385.haplotypecaller.g.vcf.gz.csi",
                "NA24385/NA24385.haplotypecaller.g.vcf.gz.tbi",
                "NA24385/reports/NA24385.global.dist.txt",
                "NA24385/reports/NA24385.haplotypecaller.bcftools_stats.txt",
                "NA24385/reports/NA24385.summary.txt",
                "multiqc/multiqc_plots",
                "multiqc/multiqc_report.html",
                "samplesheet.csv",
                "test/Ashkenazim/Ashkenazim.bed",
                "test/Ashkenazim/Ashkenazim.haplotypecaller.ped",
                "test/Ashkenazim/Ashkenazim.haplotypecaller.vcf.gz",
                "test/Ashkenazim/Ashkenazim.haplotypecaller.vcf.gz.csi",
                "test/Ashkenazim/Ashkenazim.haplotypecaller.vcf.gz.gzi",
                "test/Ashkenazim/Ashkenazim.haplotypecaller.vcf.gz.tbi",
                "test/Ashkenazim/reports/Ashkenazim.haplotypecaller.bcftools_stats.txt",
                "test/Ashkenazim/reports/Ashkenazim.haplotypecaller.somalier.html"
            ]
        ],
        "meta": {
            "nf-test": "0.9.0",
            "nextflow": "24.04.4"
        },
        "timestamp": "2024-09-05T11:43:47.539727235"
    },
    "automap": {
        "content": [
            [

            ],
            [
                "NA24143/NA24143.bed",
                "NA24143/NA24143.haplotypecaller.g.vcf.gz",
                "NA24143/NA24143.haplotypecaller.g.vcf.gz.csi",
                "NA24143/NA24143.haplotypecaller.g.vcf.gz.tbi",
                "NA24143/reports/NA24143.global.dist.txt",
                "NA24143/reports/NA24143.haplotypecaller.bcftools_stats.txt",
                "NA24143/reports/NA24143.summary.txt",
                "NA24149/NA24149.bed",
                "NA24149/NA24149.haplotypecaller.g.vcf.gz",
                "NA24149/NA24149.haplotypecaller.g.vcf.gz.csi",
                "NA24149/NA24149.haplotypecaller.g.vcf.gz.tbi",
                "NA24149/reports/NA24149.global.dist.txt",
                "NA24149/reports/NA24149.haplotypecaller.bcftools_stats.txt",
                "NA24149/reports/NA24149.summary.txt",
                "NA24385/NA24385.bed",
                "NA24385/NA24385.haplotypecaller.g.vcf.gz",
                "NA24385/NA24385.haplotypecaller.g.vcf.gz.csi",
                "NA24385/NA24385.haplotypecaller.g.vcf.gz.tbi",
                "NA24385/reports/NA24385.global.dist.txt",
                "NA24385/reports/NA24385.haplotypecaller.bcftools_stats.txt",
                "NA24385/reports/NA24385.summary.txt",
                "multiqc/multiqc_plots",
                "multiqc/multiqc_report.html",
                "samplesheet.csv",
                "test/Ashkenazim/Ashkenazim.bed",
                "test/Ashkenazim/Ashkenazim.haplotypecaller.ped",
                "test/Ashkenazim/Ashkenazim.haplotypecaller.vcf.gz",
                "test/Ashkenazim/Ashkenazim.haplotypecaller.vcf.gz.csi",
                "test/Ashkenazim/Ashkenazim.haplotypecaller.vcf.gz.tbi",
                "test/Ashkenazim/automap_haplotypecaller/sample1/sample1.HomRegions.cmgg_bio.tsv",
                "test/Ashkenazim/automap_haplotypecaller/sample1/sample1.HomRegions.pdf",
                "test/Ashkenazim/automap_haplotypecaller/sample1/sample1.HomRegions.strict.cmgg_bio.tsv",
                "test/Ashkenazim/automap_haplotypecaller/sample1/sample1.HomRegions.tsv",
                "test/Ashkenazim/automap_haplotypecaller/sample2/sample2.HomRegions.cmgg_bio.tsv",
                "test/Ashkenazim/automap_haplotypecaller/sample2/sample2.HomRegions.pdf",
                "test/Ashkenazim/automap_haplotypecaller/sample2/sample2.HomRegions.strict.cmgg_bio.tsv",
                "test/Ashkenazim/automap_haplotypecaller/sample2/sample2.HomRegions.tsv",
                "test/Ashkenazim/automap_haplotypecaller/sample3/sample3.HomRegions.cmgg_bio.tsv",
                "test/Ashkenazim/automap_haplotypecaller/sample3/sample3.HomRegions.pdf",
                "test/Ashkenazim/automap_haplotypecaller/sample3/sample3.HomRegions.strict.cmgg_bio.tsv",
                "test/Ashkenazim/automap_haplotypecaller/sample3/sample3.HomRegions.tsv",
                "test/Ashkenazim/reports/Ashkenazim.haplotypecaller.bcftools_stats.txt",
                "test/Ashkenazim/reports/Ashkenazim.haplotypecaller.somalier.html"
            ]
        ],
        "meta": {
            "nf-test": "0.9.0",
            "nextflow": "24.04.4"
        },
        "timestamp": "2024-09-05T11:47:48.972236882"
    },
    "only_merge": {
        "content": [
            [

            ],
            [
                "NA24143/NA24143.bed",
                "NA24143/NA24143.haplotypecaller.g.vcf.gz",
                "NA24143/NA24143.haplotypecaller.g.vcf.gz.csi",
                "NA24143/NA24143.haplotypecaller.g.vcf.gz.tbi",
                "NA24143/reports/NA24143.global.dist.txt",
                "NA24143/reports/NA24143.haplotypecaller.bcftools_stats.txt",
                "NA24143/reports/NA24143.summary.txt",
                "NA24149/NA24149.bed",
                "NA24149/NA24149.haplotypecaller.g.vcf.gz",
                "NA24149/NA24149.haplotypecaller.g.vcf.gz.csi",
                "NA24149/NA24149.haplotypecaller.g.vcf.gz.tbi",
                "NA24149/reports/NA24149.global.dist.txt",
                "NA24149/reports/NA24149.haplotypecaller.bcftools_stats.txt",
                "NA24149/reports/NA24149.summary.txt",
                "NA24385/NA24385.bed",
                "NA24385/NA24385.haplotypecaller.g.vcf.gz",
                "NA24385/NA24385.haplotypecaller.g.vcf.gz.csi",
                "NA24385/NA24385.haplotypecaller.g.vcf.gz.tbi",
                "NA24385/reports/NA24385.global.dist.txt",
                "NA24385/reports/NA24385.haplotypecaller.bcftools_stats.txt",
                "NA24385/reports/NA24385.summary.txt",
                "multiqc/multiqc_plots",
                "multiqc/multiqc_report.html",
                "samplesheet.csv",
                "test/Ashkenazim/genomicsdb_Ashkenazim"
            ]
        ],
        "meta": {
            "nf-test": "0.9.0",
            "nextflow": "24.04.4"
        },
        "timestamp": "2024-09-05T11:46:37.403799074"
    },
    "annotate": {
        "content": [
            [

            ],
            [
                "NA24143/NA24143.bed",
                "NA24143/NA24143.haplotypecaller.g.vcf.gz",
                "NA24143/NA24143.haplotypecaller.g.vcf.gz.csi",
                "NA24143/NA24143.haplotypecaller.g.vcf.gz.tbi",
                "NA24143/reports/NA24143.global.dist.txt",
                "NA24143/reports/NA24143.haplotypecaller.bcftools_stats.txt",
                "NA24143/reports/NA24143.summary.txt",
                "NA24149/NA24149.bed",
                "NA24149/NA24149.haplotypecaller.g.vcf.gz",
                "NA24149/NA24149.haplotypecaller.g.vcf.gz.csi",
                "NA24149/NA24149.haplotypecaller.g.vcf.gz.tbi",
                "NA24149/reports/NA24149.global.dist.txt",
                "NA24149/reports/NA24149.haplotypecaller.bcftools_stats.txt",
                "NA24149/reports/NA24149.summary.txt",
                "NA24385/NA24385.bed",
                "NA24385/NA24385.haplotypecaller.g.vcf.gz",
                "NA24385/NA24385.haplotypecaller.g.vcf.gz.csi",
                "NA24385/NA24385.haplotypecaller.g.vcf.gz.tbi",
                "NA24385/reports/NA24385.global.dist.txt",
                "NA24385/reports/NA24385.haplotypecaller.bcftools_stats.txt",
                "NA24385/reports/NA24385.summary.txt",
                "multiqc/multiqc_plots",
                "multiqc/multiqc_report.html",
                "samplesheet.csv",
                "test/Ashkenazim/Ashkenazim.bed",
                "test/Ashkenazim/Ashkenazim.haplotypecaller.ped",
                "test/Ashkenazim/Ashkenazim.haplotypecaller.vcf.gz",
                "test/Ashkenazim/Ashkenazim.haplotypecaller.vcf.gz.csi",
                "test/Ashkenazim/Ashkenazim.haplotypecaller.vcf.gz.tbi",
                "test/Ashkenazim/reports/Ashkenazim.haplotypecaller.bcftools_stats.txt",
                "test/Ashkenazim/reports/Ashkenazim.haplotypecaller.somalier.html"
            ]
        ],
        "meta": {
            "nf-test": "0.9.0",
            "nextflow": "24.04.4"
        },
        "timestamp": "2024-09-05T11:42:39.793880467"
    }
}