{
    "cram_call_gatk4 - default": {
        "content": [
            [
                
            ],
            [
                [
                    "NA24143.haplotypecaller.bcftools_stats.txt:md5,09b4e7674e0f5b98b1e548df3002250e"
                ]
            ]
        ],
        "meta": {
            "nf-test": "0.9.1",
            "nextflow": "24.10.0"
        },
        "timestamp": "2024-11-05T09:53:12.737680049"
    },
    "cram_call_gatk4 - dragstr": {
        "content": [
            [
                
            ],
            [
                [
                    "NA24143.haplotypecaller.bcftools_stats.txt:md5,c4dad5b8e05871dda66df42b1f6c89ff"
                ]
            ]
        ],
        "meta": {
            "nf-test": "0.9.1",
            "nextflow": "24.10.0"
        },
        "timestamp": "2024-11-05T09:54:07.696125828"
    }
}