{
    "gvcfs": {
        "content": [
            [
                
            ],
            [
                "multiqc/multiqc_report.html",
                "samplesheet.csv",
                "test/Ashkenazim/Ashkenazim.haplotypecaller.bed",
                "test/Ashkenazim/Ashkenazim.haplotypecaller.ped",
                "test/Ashkenazim/Ashkenazim.haplotypecaller.vcf.gz",
                "test/Ashkenazim/Ashkenazim.haplotypecaller.vcf.gz.tbi",
                "test/Ashkenazim/reports/Ashkenazim.haplotypecaller.bcftools_stats.txt",
                "test/Ashkenazim/reports/Ashkenazim.haplotypecaller.html"
            ]
        ],
        "meta": {
            "nf-test": "0.9.1",
            "nextflow": "24.10.0"
        },
        "timestamp": "2024-11-07T15:46:42.423860055"
    }
}