{
    "default - crams": {
        "content": [
            [
                [
                    {
                        "id": "NA24143.00001",
                        "sample": "NA24143",
                        "family": "Ashkenazim",
                        "family_samples": "NA24143",
                        "split_count": 3
                    },
                    "NA24143.cram",
                    "NA24143.cram.crai",
                    "NA24143.00001.bed:md5,ffd6f70b7fa85ffb46fb66a4cf9afb70"
                ],
                [
                    {
                        "id": "NA24143.00002",
                        "sample": "NA24143",
                        "family": "Ashkenazim",
                        "family_samples": "NA24143",
                        "split_count": 3
                    },
                    "NA24143.cram",
                    "NA24143.cram.crai",
                    "NA24143.00002.bed:md5,628a9845316c9bdf2e8c11c04bdd0f06"
                ],
                [
                    {
                        "id": "NA24143.00003",
                        "sample": "NA24143",
                        "family": "Ashkenazim",
                        "family_samples": "NA24143",
                        "split_count": 3
                    },
                    "NA24143.cram",
                    "NA24143.cram.crai",
                    "NA24143.00003.bed:md5,6eabb4f395fe99ff241aaa3391978b06"
                ]
            ]
        ],
        "meta": {
            "nf-test": "0.9.0",
            "nextflow": "24.04.4"
        },
        "timestamp": "2024-09-05T17:39:07.719231196"
    }
}