{
    "filter": {
        "content": [
            [
                [
                    {
                        "id": "NA24143",
                        "sample": "NA24143",
                        "family": "Ashkenazim",
                        "family_count": 1,
                        "caller": "vardict",
                        "samples": "NA24143"
                    },
                    "NA24143.vardict.filtered.vcf.gz",
                    "NA24143.vardict.filtered.vcf.gz.tbi"
                ]
            ]
        ],
        "meta": {
            "nf-test": "0.9.0",
            "nextflow": "24.04.4"
        },
        "timestamp": "2024-08-30T09:41:30.424183419"
    },
    "default": {
        "content": [
            [
                [
                    {
                        "id": "NA24143",
                        "sample": "NA24143",
                        "family": "Ashkenazim",
                        "family_count": 1,
                        "caller": "vardict",
                        "samples": "NA24143"
                    },
                    "NA24143.vardict.concat.vcf.gz",
                    "NA24143.vardict.concat.vcf.gz.tbi"
                ]
            ]
        ],
        "meta": {
            "nf-test": "0.9.0",
            "nextflow": "24.04.4"
        },
        "timestamp": "2024-08-30T09:40:38.168362697"
    },
    "family": {
        "content": [
            [
                [
                    {
                        "id": "NA24143",
                        "sample": "NA24143",
                        "family": "Ashkenazim",
                        "family_count": 2,
                        "caller": "vardict",
                        "samples": "NA24143"
                    },
                    "NA24143.vardict.concat.vcf.gz",
                    "NA24143.vardict.concat.vcf.gz.tbi"
                ],
                [
                    {
                        "id": "NA24149",
                        "sample": "NA24149",
                        "family": "Ashkenazim",
                        "family_count": 2,
                        "caller": "vardict",
                        "samples": "NA24149"
                    },
                    "NA24149.vardict.concat.vcf.gz",
                    "NA24149.vardict.concat.vcf.gz.tbi"
                ]
            ]
        ],
        "meta": {
            "nf-test": "0.9.0",
            "nextflow": "24.04.4"
        },
        "timestamp": "2024-08-30T09:42:40.548835749"
    }
}