{
    "filter": {
        "content": [
            [
                [
                    {
                        "id": "NA24143",
                        "sample": "NA24143",
                        "family": "Ashkenazim",
                        "family_count": 1,
                        "caller": "vardict",
                        "samples": "NA24143"
                    },
                    "NA24143.vardict.vcf.gz",
                    "NA24143.vardict.vcf.gz.tbi"
                ]
            ]
        ],
        "meta": {
            "nf-test": "0.9.0",
            "nextflow": "24.04.3"
        },
        "timestamp": "2024-08-06T13:05:31.562298546"
    },
    "default": {
        "content": [
            [
                [
                    {
                        "id": "NA24143",
                        "sample": "NA24143",
                        "family": "Ashkenazim",
                        "family_count": 1,
                        "caller": "vardict",
                        "samples": "NA24143"
                    },
                    "NA24143.vardict.vcf.gz",
                    "NA24143.vardict.vcf.gz.tbi"
                ]
            ]
        ],
        "meta": {
            "nf-test": "0.9.0",
            "nextflow": "24.04.3"
        },
        "timestamp": "2024-08-06T13:05:04.322416692"
    },
    "family": {
        "content": [
            [
                [
                    {
                        "id": "NA24143",
                        "sample": "NA24143",
                        "family": "Ashkenazim",
                        "family_count": 2,
                        "caller": "vardict",
                        "samples": "NA24143"
                    },
                    "NA24143.vardict.vcf.gz",
                    "NA24143.vardict.vcf.gz.tbi"
                ],
                [
                    {
                        "id": "NA24149",
                        "sample": "NA24149",
                        "family": "Ashkenazim",
                        "family_count": 2,
                        "caller": "vardict",
                        "samples": "NA24149"
                    },
                    "NA24149.vardict.vcf.gz",
                    "NA24149.vardict.vcf.gz.tbi"
                ]
            ]
        ],
        "meta": {
            "nf-test": "0.9.0",
            "nextflow": "24.04.3"
        },
        "timestamp": "2024-08-06T13:06:05.012625054"
    }
}