{
    "filter": {
        "content": [
            [
                [
                    {
                        "id": "NA24143",
                        "sample": "NA24143",
                        "family": "Ashkenazim",
                        "family_samples": "NA24143",
                        "caller": "vardict"
                    },
                    "NA24143.vardict.vcf.gz",
                    "NA24143.vardict.vcf.gz.tbi"
                ]
            ]
        ],
        "meta": {
            "nf-test": "0.9.0",
            "nextflow": "24.04.4"
        },
        "timestamp": "2024-09-05T17:38:01.461442987"
    },
    "default": {
        "content": [
            [
                [
                    {
                        "id": "NA24143",
                        "sample": "NA24143",
                        "family": "Ashkenazim",
                        "family_samples": "NA24143",
                        "caller": "vardict"
                    },
                    "NA24143.vardict.vcf.gz",
                    "NA24143.vardict.vcf.gz.tbi"
                ]
            ]
        ],
        "meta": {
            "nf-test": "0.9.0",
            "nextflow": "24.04.4"
        },
        "timestamp": "2024-09-05T17:37:40.178107639"
    },
    "family": {
        "content": [
            [
                [
                    {
                        "id": "NA24143",
                        "sample": "NA24143",
                        "family": "Ashkenazim",
                        "family_samples": "NA24143",
                        "caller": "vardict"
                    },
                    "NA24143.vardict.vcf.gz",
                    "NA24143.vardict.vcf.gz.tbi"
                ],
                [
                    {
                        "id": "NA24149",
                        "sample": "NA24149",
                        "family": "Ashkenazim",
                        "family_samples": "NA24149",
                        "caller": "vardict"
                    },
                    "NA24149.vardict.vcf.gz",
                    "NA24149.vardict.vcf.gz.tbi"
                ]
            ]
        ],
        "meta": {
            "nf-test": "0.9.0",
            "nextflow": "24.04.4"
        },
        "timestamp": "2024-10-08T16:58:11.678281371"
    }
}