{
    "CRAM_CALL_HAPLOTYPECALLER - default": {
        "content": [
            [
                [
                    {
                        "groupSize": 3,
                        "groupTarget": {
                            "id": "NA24143",
                            "sample": "NA24143",
                            "family": "Ashkenazim",
                            "family_samples": "NA24143",
                            "split_count": 3,
                            "caller": "haplotypecaller"
                        }
                    },
                    "variantsMD5:57a0b3ce429f38292730f965277d28d5",
                    "g.vcf.gz.tbi"
                ]
            ],
            [
                [
                    {
                        "groupSize": 3,
                        "groupTarget": {
                            "id": "NA24143",
                            "sample": "NA24143",
                            "family": "Ashkenazim",
                            "family_samples": "NA24143",
                            "split_count": 3,
                            "caller": "haplotypecaller"
                        }
                    },
                    "NA24143.haplotypecaller.bcftools_stats.txt:md5,bfbc3167f905a792a03baa7a863ba348"
                ]
            ]
        ],
        "timestamp": "2026-05-20T13:11:38.486363663",
        "meta": {
            "nf-test": "0.9.5",
            "nextflow": "26.04.1"
        }
    },
    "CRAM_CALL_HAPLOTYPECALLER - dragstr": {
        "content": [
            [
                [
                    {
                        "groupSize": 3,
                        "groupTarget": {
                            "id": "NA24143",
                            "sample": "NA24143",
                            "family": "Ashkenazim",
                            "family_samples": "NA24143",
                            "split_count": 3,
                            "caller": "haplotypecaller"
                        }
                    },
                    "variantsMD5:69601e4deb53c65d30fff9d260e31bb9",
                    "g.vcf.gz.tbi"
                ]
            ],
            [
                [
                    {
                        "groupSize": 3,
                        "groupTarget": {
                            "id": "NA24143",
                            "sample": "NA24143",
                            "family": "Ashkenazim",
                            "family_samples": "NA24143",
                            "split_count": 3,
                            "caller": "haplotypecaller"
                        }
                    },
                    "NA24143.haplotypecaller.bcftools_stats.txt:md5,61bed936831954b48c4bdb05525086d5"
                ]
            ]
        ],
        "timestamp": "2026-05-20T13:12:35.928498305",
        "meta": {
            "nf-test": "0.9.5",
            "nextflow": "26.04.1"
        }
    }
}